Component: Arm Compiler for Embedded 6.19 Tool: armlink [5e73cb00]

==============================================================================

Section Cross References

    startup_stm32f030xc.o(STACK) refers (Special) to heapauxi.o(.text) for __use_two_region_memory
    startup_stm32f030xc.o(HEAP) refers (Special) to heapauxi.o(.text) for __use_two_region_memory
    startup_stm32f030xc.o(RESET) refers (Special) to heapauxi.o(.text) for __use_two_region_memory
    startup_stm32f030xc.o(RESET) refers to startup_stm32f030xc.o(STACK) for __initial_sp
    startup_stm32f030xc.o(RESET) refers to startup_stm32f030xc.o(.text) for Reset_Handler
    startup_stm32f030xc.o(RESET) refers to stm32f0xx_it.o(.text.NMI_Handler) for NMI_Handler
    startup_stm32f030xc.o(RESET) refers to stm32f0xx_it.o(.text.HardFault_Handler) for HardFault_Handler
    startup_stm32f030xc.o(RESET) refers to stm32f0xx_it.o(.text.SVC_Handler) for SVC_Handler
    startup_stm32f030xc.o(RESET) refers to stm32f0xx_it.o(.text.PendSV_Handler) for PendSV_Handler
    startup_stm32f030xc.o(RESET) refers to stm32f0xx_it.o(.text.SysTick_Handler) for SysTick_Handler
    startup_stm32f030xc.o(RESET) refers to stm32f0xx_it.o(.text.TIM3_IRQHandler) for TIM3_IRQHandler
    startup_stm32f030xc.o(RESET) refers to stm32f0xx_it.o(.text.USART1_IRQHandler) for USART1_IRQHandler
    startup_stm32f030xc.o(RESET) refers to stm32f0xx_it.o(.text.USART3_6_IRQHandler) for USART3_6_IRQHandler
    startup_stm32f030xc.o(.text) refers (Special) to heapauxi.o(.text) for __use_two_region_memory
    startup_stm32f030xc.o(.text) refers to system_stm32f0xx.o(.text.SystemInit) for SystemInit
    startup_stm32f030xc.o(.text) refers to __main.o(!!!main) for __main
    startup_stm32f030xc.o(.text) refers to startup_stm32f030xc.o(HEAP) for Heap_Mem
    startup_stm32f030xc.o(.text) refers to startup_stm32f030xc.o(STACK) for Stack_Mem
    fifo_app.o(.ARM.exidx.text.Fifo_Init) refers to fifo_app.o(.text.Fifo_Init) for [Anonymous Symbol]
    fifo_app.o(.text.Fifo_Put) refers to aeabi_sdivfast.o(.text) for __aeabi_uidivmod
    fifo_app.o(.ARM.exidx.text.Fifo_Put) refers to fifo_app.o(.text.Fifo_Put) for [Anonymous Symbol]
    fifo_app.o(.text.Fifo_isFull) refers to aeabi_sdivfast.o(.text) for __aeabi_uidivmod
    fifo_app.o(.ARM.exidx.text.Fifo_isFull) refers to fifo_app.o(.text.Fifo_isFull) for [Anonymous Symbol]
    fifo_app.o(.text.Fifo_Get) refers to aeabi_sdivfast.o(.text) for __aeabi_uidivmod
    fifo_app.o(.ARM.exidx.text.Fifo_Get) refers to fifo_app.o(.text.Fifo_Get) for [Anonymous Symbol]
    fifo_app.o(.ARM.exidx.text.Fifo_isEmpty) refers to fifo_app.o(.text.Fifo_isEmpty) for [Anonymous Symbol]
    usart_app.o(.ARM.exidx.text.HAL_UART_TxCpltCallback) refers to usart_app.o(.text.HAL_UART_TxCpltCallback) for [Anonymous Symbol]
    usart_app.o(.text.HAL_UART_RxCpltCallback) refers to fifo_app.o(.text.Fifo_Put) for Fifo_Put
    usart_app.o(.text.HAL_UART_RxCpltCallback) refers to stm32f0xx_hal_uart.o(.text.HAL_UART_Receive_IT) for HAL_UART_Receive_IT
    usart_app.o(.text.HAL_UART_RxCpltCallback) refers to stm32f0xx_hal.o(.text.HAL_ResumeTick) for HAL_ResumeTick
    usart_app.o(.text.HAL_UART_RxCpltCallback) refers to signal_app.o(.text.APP_SIGNAL_LED_SetState) for APP_SIGNAL_LED_SetState
    usart_app.o(.text.HAL_UART_RxCpltCallback) refers to signal_app.o(.text.APP_SIGNAL_PWR_SetState) for APP_SIGNAL_PWR_SetState
    usart_app.o(.text.HAL_UART_RxCpltCallback) refers to usart_app.o(.data..L_MergedGlobals) for [Anonymous Symbol]
    usart_app.o(.text.HAL_UART_RxCpltCallback) refers to usart_app.o(.bss.Rx_data) for [Anonymous Symbol]
    usart_app.o(.text.HAL_UART_RxCpltCallback) refers to usart_app.o(.bss.Fifo_1) for [Anonymous Symbol]
    usart_app.o(.text.HAL_UART_RxCpltCallback) refers to usart_app.o(.bss.Fifo_3) for [Anonymous Symbol]
    usart_app.o(.text.HAL_UART_RxCpltCallback) refers to tim.o(.bss.htim3) for htim3
    usart_app.o(.ARM.exidx.text.HAL_UART_RxCpltCallback) refers to usart_app.o(.text.HAL_UART_RxCpltCallback) for [Anonymous Symbol]
    usart_app.o(.text.APP_UART_Init) refers to fifo_app.o(.text.Fifo_Init) for Fifo_Init
    usart_app.o(.text.APP_UART_Init) refers to usart_app.o(.data..L_MergedGlobals) for [Anonymous Symbol]
    usart_app.o(.text.APP_UART_Init) refers to usart_app.o(.bss.Fifo_1) for [Anonymous Symbol]
    usart_app.o(.text.APP_UART_Init) refers to usart_app.o(.bss.Fifo_3) for [Anonymous Symbol]
    usart_app.o(.ARM.exidx.text.APP_UART_Init) refers to usart_app.o(.text.APP_UART_Init) for [Anonymous Symbol]
    usart_app.o(.text.APP_UART_StartReceive) refers to stm32f0xx_hal_uart.o(.text.HAL_UART_Receive_IT) for HAL_UART_Receive_IT
    usart_app.o(.text.APP_UART_StartReceive) refers to usart_app.o(.bss.Rx_data) for [Anonymous Symbol]
    usart_app.o(.ARM.exidx.text.APP_UART_StartReceive) refers to usart_app.o(.text.APP_UART_StartReceive) for [Anonymous Symbol]
[...]
    Removing stm32f0xx_hal_uart.o(.text.HAL_HalfDuplex_EnableTransmitter), (82 bytes).
    Removing stm32f0xx_hal_uart.o(.ARM.exidx.text.HAL_HalfDuplex_EnableTransmitter), (8 bytes).
    Removing stm32f0xx_hal_uart.o(.text.HAL_HalfDuplex_EnableReceiver), (82 bytes).
    Removing stm32f0xx_hal_uart.o(.ARM.exidx.text.HAL_HalfDuplex_EnableReceiver), (8 bytes).
    Removing stm32f0xx_hal_uart.o(.text.HAL_UART_GetState), (10 bytes).
    Removing stm32f0xx_hal_uart.o(.ARM.exidx.text.HAL_UART_GetState), (8 bytes).
    Removing stm32f0xx_hal_uart.o(.text.HAL_UART_GetError), (6 bytes).
    Removing stm32f0xx_hal_uart.o(.ARM.exidx.text.HAL_UART_GetError), (8 bytes).
    Removing stm32f0xx_hal_uart.o(.ARM.exidx.text.UART_RxISR_16BIT), (8 bytes).
    Removing stm32f0xx_hal_uart.o(.ARM.exidx.text.UART_RxISR_8BIT), (8 bytes).
    Removing stm32f0xx_hal_uart.o(.text.UART_DMAReceiveCplt), (142 bytes).
    Removing stm32f0xx_hal_uart.o(.ARM.exidx.text.UART_DMAReceiveCplt), (8 bytes).
    Removing stm32f0xx_hal_uart.o(.text.UART_DMARxHalfCplt), (32 bytes).
    Removing stm32f0xx_hal_uart.o(.ARM.exidx.text.UART_DMARxHalfCplt), (8 bytes).
    Removing stm32f0xx_hal_uart_ex.o(.text), (0 bytes).
    Removing stm32f0xx_hal_uart_ex.o(.text.HAL_RS485Ex_Init), (144 bytes).
    Removing stm32f0xx_hal_uart_ex.o(.ARM.exidx.text.HAL_RS485Ex_Init), (8 bytes).
    Removing stm32f0xx_hal_uart_ex.o(.text.HAL_MultiProcessorEx_AddressLength_Set), (46 bytes).
    Removing stm32f0xx_hal_uart_ex.o(.ARM.exidx.text.HAL_MultiProcessorEx_AddressLength_Set), (8 bytes).
    Removing stm32f0xx_hal_uart_ex.o(.text.HAL_UARTEx_ReceiveToIdle), (436 bytes).
    Removing stm32f0xx_hal_uart_ex.o(.ARM.exidx.text.HAL_UARTEx_ReceiveToIdle), (8 bytes).
    Removing stm32f0xx_hal_uart_ex.o(.text.HAL_UARTEx_ReceiveToIdle_IT), (108 bytes).
    Removing stm32f0xx_hal_uart_ex.o(.ARM.exidx.text.HAL_UARTEx_ReceiveToIdle_IT), (8 bytes).
    Removing stm32f0xx_hal_uart_ex.o(.text.HAL_UARTEx_ReceiveToIdle_DMA), (108 bytes).
    Removing stm32f0xx_hal_uart_ex.o(.ARM.exidx.text.HAL_UARTEx_ReceiveToIdle_DMA), (8 bytes).
    Removing stm32f0xx_hal_uart_ex.o(.text.HAL_UARTEx_GetRxEventType), (4 bytes).
    Removing stm32f0xx_hal_uart_ex.o(.ARM.exidx.text.HAL_UARTEx_GetRxEventType), (8 bytes).
    Removing system_stm32f0xx.o(.text), (0 bytes).
    Removing system_stm32f0xx.o(.ARM.exidx.text.SystemInit), (8 bytes).
    Removing system_stm32f0xx.o(.text.SystemCoreClockUpdate), (80 bytes).
    Removing system_stm32f0xx.o(.ARM.exidx.text.SystemCoreClockUpdate), (8 bytes).

882 unused section(s) (total 48616 bytes) removed from the image.

==============================================================================

Image Symbol Table

    Local Symbols

    Symbol Name                              Value     Ov Type        Size  Object(Section)

    ../clib/angel/boardlib.s                 0x00000000   Number         0  boardinit1.o ABSOLUTE
    ../clib/angel/boardlib.s                 0x00000000   Number         0  boardinit2.o ABSOLUTE
    ../clib/angel/boardlib.s                 0x00000000   Number         0  boardinit3.o ABSOLUTE
    ../clib/angel/boardlib.s                 0x00000000   Number         0  boardshut.o ABSOLUTE
    ../clib/angel/handlers.s                 0x00000000   Number         0  __scatter_copy.o ABSOLUTE
    ../clib/angel/handlers.s                 0x00000000   Number         0  __scatter_zi.o ABSOLUTE
    ../clib/angel/kernel.s                   0x00000000   Number         0  __rtentry.o ABSOLUTE
    ../clib/angel/kernel.s                   0x00000000   Number         0  __rtentry2.o ABSOLUTE
    ../clib/angel/kernel.s                   0x00000000   Number         0  __rtentry4.o ABSOLUTE
    ../clib/angel/kernel.s                   0x00000000   Number         0  rtexit.o ABSOLUTE
    ../clib/angel/kernel.s                   0x00000000   Number         0  rtexit2.o ABSOLUTE
    ../clib/angel/rt.s                       0x00000000   Number         0  aeabi_idiv0.o ABSOLUTE
    ../clib/angel/rt.s                       0x00000000   Number         0  aeabi_idiv0_sigfpe.o ABSOLUTE
    ../clib/angel/rt.s                       0x00000000   Number         0  rt_div0.o ABSOLUTE
    ../clib/angel/rt.s                       0x00000000   Number         0  rt_raise.o ABSOLUTE
    ../clib/angel/scatterp.s                 0x00000000   Number         0  __scatter.o ABSOLUTE
    ../clib/angel/startup.s                  0x00000000   Number         0  __main.o ABSOLUTE
    ../clib/angel/sys.s                      0x00000000   Number         0  sys_stackheap_outer.o ABSOLUTE
    ../clib/angel/sys.s                      0x00000000   Number         0  libspace.o ABSOLUTE
    ../clib/angel/sys.s                      0x00000000   Number         0  tempstk.o ABSOLUTE
    ../clib/angel/sys.s                      0x00000000   Number         0  use_no_semi.o ABSOLUTE
    ../clib/angel/sys.s                      0x00000000   Number         0  indicate_semi.o ABSOLUTE
    ../clib/angel/sysapp.c                   0x00000000   Number         0  sys_exit.o ABSOLUTE
    ../clib/angel/sysapp.c                   0x00000000   Number         0  sys_exit_hlt.o ABSOLUTE
    ../clib/angel/sysapp.c                   0x00000000   Number         0  sys_wrch.o ABSOLUTE
    ../clib/angel/sysapp.c                   0x00000000   Number         0  sys_wrch_hlt.o ABSOLUTE
    ../clib/angel/sysapp.c                   0x00000000   Number         0  sys_command.o ABSOLUTE
    ../clib/angel/sysapp.c                   0x00000000   Number         0  sys_command_hlt.o ABSOLUTE
    ../clib/armsys.c                         0x00000000   Number         0  argv_veneer.o ABSOLUTE
    ../clib/armsys.c                         0x00000000   Number         0  _get_argv_nomalloc.o ABSOLUTE
    ../clib/armsys.c                         0x00000000   Number         0  no_argv.o ABSOLUTE
    ../clib/division.s                       0x00000000   Number         0  aeabi_sdivfast.o ABSOLUTE
    ../clib/division.s                       0x00000000   Number         0  aeabi_sdivfast_div0.o ABSOLUTE
    ../clib/heapalloc.c                      0x00000000   Number         0  hrguard.o ABSOLUTE
    ../clib/heapaux.c                        0x00000000   Number         0  heapauxi.o ABSOLUTE
    ../clib/libinit.s                        0x00000000   Number         0  libinit.o ABSOLUTE
    ../clib/libinit.s                        0x00000000   Number         0  libinit2.o ABSOLUTE
    ../clib/libinit.s                        0x00000000   Number         0  libshutdown.o ABSOLUTE
    ../clib/libinit.s                        0x00000000   Number         0  libshutdown2.o ABSOLUTE
    ../clib/longlong.c                       0x00000000   Number         0  llushr.o ABSOLUTE
    ../clib/memcpset.c                       0x00000000   Number         0  rt_memclr.o ABSOLUTE
    ../clib/signal.c                         0x00000000   Number         0  defsig_fpe_outer.o ABSOLUTE
    ../clib/signal.c                         0x00000000   Number         0  defsig_fpe_formal.o ABSOLUTE
    ../clib/signal.c                         0x00000000   Number         0  defsig_exit.o ABSOLUTE
    ../clib/signal.c                         0x00000000   Number         0  defsig_fpe_inner.o ABSOLUTE
    ../clib/signal.c                         0x00000000   Number         0  __raise.o ABSOLUTE
    ../clib/signal.c                         0x00000000   Number         0  defsig_general.o ABSOLUTE
    ../clib/signal.c                         0x00000000   Number         0  defsig_abrt_inner.o ABSOLUTE
    ../clib/signal.c                         0x00000000   Number         0  defsig_rtred_inner.o ABSOLUTE
    ../clib/signal.c                         0x00000000   Number         0  defsig_rtmem_inner.o ABSOLUTE
    ../clib/signal.c                         0x00000000   Number         0  defsig_rtmem_outer.o ABSOLUTE
    ../clib/signal.c                         0x00000000   Number         0  defsig_rtmem_formal.o ABSOLUTE
    ../clib/signal.c                         0x00000000   Number         0  defsig_stak_inner.o ABSOLUTE
    ../clib/signal.c                         0x00000000   Number         0  defsig_pvfn_inner.o ABSOLUTE
    ../clib/signal.c                         0x00000000   Number         0  defsig_cppl_inner.o ABSOLUTE
    ../clib/signal.c                         0x00000000   Number         0  defsig_segv_inner.o ABSOLUTE
    ../clib/signal.c                         0x00000000   Number         0  defsig_other.o ABSOLUTE
    ../clib/signal.s                         0x00000000   Number         0  defsig.o ABSOLUTE
    ../clib/stdlib.c                         0x00000000   Number         0  exit.o ABSOLUTE
    ../fplib/cfplib/fpinit.c                 0x00000000   Number         0  fpinit.o ABSOLUTE
    dc.s                                     0x00000000   Number         0  dc.o ABSOLUTE
    fifo_app.c                               0x00000000   Number         0  fifo_app.o ABSOLUTE
    gnss.c                                   0x00000000   Number         0  gnss.o ABSOLUTE
    gpio.c                                   0x00000000   Number         0  gpio.o ABSOLUTE
    main.c                                   0x00000000   Number         0  main.o ABSOLUTE
    mc60_core.c                              0x00000000   Number         0  mc60_core.o ABSOLUTE
    signal_app.c                             0x00000000   Number         0  signal_app.o ABSOLUTE
    startup_stm32f030xc.s                    0x00000000   Number         0  startup_stm32f030xc.o ABSOLUTE
    stm32f0xx_hal.c                          0x00000000   Number         0  stm32f0xx_hal.o ABSOLUTE
    stm32f0xx_hal_cortex.c                   0x00000000   Number         0  stm32f0xx_hal_cortex.o ABSOLUTE
    stm32f0xx_hal_dma.c                      0x00000000   Number         0  stm32f0xx_hal_dma.o ABSOLUTE
    stm32f0xx_hal_exti.c                     0x00000000   Number         0  stm32f0xx_hal_exti.o ABSOLUTE
    stm32f0xx_hal_flash.c                    0x00000000   Number         0  stm32f0xx_hal_flash.o ABSOLUTE
    stm32f0xx_hal_flash_ex.c                 0x00000000   Number         0  stm32f0xx_hal_flash_ex.o ABSOLUTE
    stm32f0xx_hal_gpio.c                     0x00000000   Number         0  stm32f0xx_hal_gpio.o ABSOLUTE
    stm32f0xx_hal_i2c.c                      0x00000000   Number         0  stm32f0xx_hal_i2c.o ABSOLUTE
    stm32f0xx_hal_i2c_ex.c                   0x00000000   Number         0  stm32f0xx_hal_i2c_ex.o ABSOLUTE
    stm32f0xx_hal_msp.c                      0x00000000   Number         0  stm32f0xx_hal_msp.o ABSOLUTE
    stm32f0xx_hal_pwr.c                      0x00000000   Number         0  stm32f0xx_hal_pwr.o ABSOLUTE
    stm32f0xx_hal_pwr_ex.c                   0x00000000   Number         0  stm32f0xx_hal_pwr_ex.o ABSOLUTE
    stm32f0xx_hal_rcc.c                      0x00000000   Number         0  stm32f0xx_hal_rcc.o ABSOLUTE
    stm32f0xx_hal_rcc_ex.c                   0x00000000   Number         0  stm32f0xx_hal_rcc_ex.o ABSOLUTE
    stm32f0xx_hal_tim.c                      0x00000000   Number         0  stm32f0xx_hal_tim.o ABSOLUTE
    stm32f0xx_hal_tim_ex.c                   0x00000000   Number         0  stm32f0xx_hal_tim_ex.o ABSOLUTE
    stm32f0xx_hal_uart.c                     0x00000000   Number         0  stm32f0xx_hal_uart.o ABSOLUTE
    stm32f0xx_hal_uart_ex.c                  0x00000000   Number         0  stm32f0xx_hal_uart_ex.o ABSOLUTE
    stm32f0xx_it.c                           0x00000000   Number         0  stm32f0xx_it.o ABSOLUTE
    system_stm32f0xx.c                       0x00000000   Number         0  system_stm32f0xx.o ABSOLUTE
    tim.c                                    0x00000000   Number         0  tim.o ABSOLUTE
    usart.c                                  0x00000000   Number         0  usart.o ABSOLUTE
    usart_app.c                              0x00000000   Number         0  usart_app.o ABSOLUTE
    RESET                                    0x08000000   Section      184  startup_stm32f030xc.o(RESET)
    !!!main                                  0x080000b8   Section        8  __main.o(!!!main)
    !!!scatter                               0x080000c0   Section       60  __scatter.o(!!!scatter)
    !!handler_copy                           0x080000fc   Section       26  __scatter_copy.o(!!handler_copy)
    !!handler_zi                             0x08000118   Section       28  __scatter_zi.o(!!handler_zi)
    .ARM.Collect$$libinit$$00000000          0x08000134   Section        2  libinit.o(.ARM.Collect$$libinit$$00000000)
    .ARM.Collect$$libinit$$00000002          0x08000136   Section        0  libinit2.o(.ARM.Collect$$libinit$$00000002)
    .ARM.Collect$$libinit$$00000004          0x08000136   Section        0  libinit2.o(.ARM.Collect$$libinit$$00000004)
    .ARM.Collect$$libinit$$00000006          0x08000136   Section        0  libinit2.o(.ARM.Collect$$libinit$$00000006)
    .ARM.Collect$$libinit$$0000000C          0x08000136   Section        0  libinit2.o(.ARM.Collect$$libinit$$0000000C)
    .ARM.Collect$$libinit$$0000000E          0x08000136   Section        0  libinit2.o(.ARM.Collect$$libinit$$0000000E)
    .ARM.Collect$$libinit$$00000010          0x08000136   Section        0  libinit2.o(.ARM.Collect$$libinit$$00000010)
    .ARM.Collect$$libinit$$00000013          0x08000136   Section        0  libinit2.o(.ARM.Collect$$libinit$$00000013)
    .ARM.Collect$$libinit$$00000015          0x08000136   Section        0  libinit2.o(.ARM.Collect$$libinit$$00000015)
    .ARM.Collect$$libinit$$00000017          0x08000136   Section        0  libinit2.o(.ARM.Collect$$libinit$$00000017)
    .ARM.Collect$$libinit$$00000019          0x08000136   Section        0  libinit2.o(.ARM.Collect$$libinit$$00000019)
    .ARM.Collect$$libinit$$0000001B          0x08000136   Section        0  libinit2.o(.ARM.Collect$$libinit$$0000001B)
    .ARM.Collect$$libinit$$0000001D          0x08000136   Section        0  libinit2.o(.ARM.Collect$$libinit$$0000001D)
    .ARM.Collect$$libinit$$0000001F          0x08000136   Section        0  libinit2.o(.ARM.Collect$$libinit$$0000001F)
    .ARM.Collect$$libinit$$00000021          0x08000136   Section        0  libinit2.o(.ARM.Collect$$libinit$$00000021)
    .ARM.Collect$$libinit$$00000023          0x08000136   Section        0  libinit2.o(.ARM.Collect$$libinit$$00000023)
    .ARM.Collect$$libinit$$00000025          0x08000136   Section        0  libinit2.o(.ARM.Collect$$libinit$$00000025)
    .ARM.Collect$$libinit$$00000027          0x08000136   Section        0  libinit2.o(.ARM.Collect$$libinit$$00000027)
    .ARM.Collect$$libinit$$0000002E          0x08000136   Section        0  libinit2.o(.ARM.Collect$$libinit$$0000002E)
    .ARM.Collect$$libinit$$00000030          0x08000136   Section        0  libinit2.o(.ARM.Collect$$libinit$$00000030)
    .ARM.Collect$$libinit$$00000032          0x08000136   Section        0  libinit2.o(.ARM.Collect$$libinit$$00000032)
    .ARM.Collect$$libinit$$00000034          0x08000136   Section        0  libinit2.o(.ARM.Collect$$libinit$$00000034)
    .ARM.Collect$$libinit$$00000035          0x08000136   Section        2  libinit2.o(.ARM.Collect$$libinit$$00000035)
    .ARM.Collect$$libshutdown$$00000000      0x08000138   Section        2  libshutdown.o(.ARM.Collect$$libshutdown$$00000000)
    .ARM.Collect$$libshutdown$$00000002      0x0800013a   Section        0  libshutdown2.o(.ARM.Collect$$libshutdown$$00000002)
    .ARM.Collect$$libshutdown$$00000004      0x0800013a   Section        0  libshutdown2.o(.ARM.Collect$$libshutdown$$00000004)
    .ARM.Collect$$libshutdown$$00000007      0x0800013a   Section        0  libshutdown2.o(.ARM.Collect$$libshutdown$$00000007)
    .ARM.Collect$$libshutdown$$0000000A      0x0800013a   Section        0  libshutdown2.o(.ARM.Collect$$libshutdown$$0000000A)
    .ARM.Collect$$libshutdown$$0000000C      0x0800013a   Section        0  libshutdown2.o(.ARM.Collect$$libshutdown$$0000000C)
    .ARM.Collect$$libshutdown$$0000000F      0x0800013a   Section        0  libshutdown2.o(.ARM.Collect$$libshutdown$$0000000F)
    .ARM.Collect$$libshutdown$$00000010      0x0800013a   Section        2  libshutdown2.o(.ARM.Collect$$libshutdown$$00000010)
    .ARM.Collect$$rtentry$$00000000          0x0800013c   Section        0  __rtentry.o(.ARM.Collect$$rtentry$$00000000)
    .ARM.Collect$$rtentry$$00000002          0x0800013c   Section        0  __rtentry2.o(.ARM.Collect$$rtentry$$00000002)
    .ARM.Collect$$rtentry$$00000004          0x0800013c   Section        6  __rtentry4.o(.ARM.Collect$$rtentry$$00000004)
    .ARM.Collect$$rtentry$$00000009          0x08000142   Section        0  __rtentry2.o(.ARM.Collect$$rtentry$$00000009)
    .ARM.Collect$$rtentry$$0000000A          0x08000142   Section        4  __rtentry2.o(.ARM.Collect$$rtentry$$0000000A)
    .ARM.Collect$$rtentry$$0000000C          0x08000146   Section        0  __rtentry2.o(.ARM.Collect$$rtentry$$0000000C)
    .ARM.Collect$$rtentry$$0000000D          0x08000146   Section        8  __rtentry2.o(.ARM.Collect$$rtentry$$0000000D)
    .ARM.Collect$$rtexit$$00000000           0x0800014e   Section        2  rtexit.o(.ARM.Collect$$rtexit$$00000000)
    .ARM.Collect$$rtexit$$00000002           0x08000150   Section        0  rtexit2.o(.ARM.Collect$$rtexit$$00000002)
    .ARM.Collect$$rtexit$$00000003           0x08000150   Section        4  rtexit2.o(.ARM.Collect$$rtexit$$00000003)
    .ARM.Collect$$rtexit$$00000004           0x08000154   Section        6  rtexit2.o(.ARM.Collect$$rtexit$$00000004)
    .text                                    0x0800015c   Section       56  startup_stm32f030xc.o(.text)
    .text                                    0x08000194   Section        0  rt_memclr.o(.text)
    .text                                    0x080001d4   Section      504  aeabi_sdivfast.o(.text)
    .text                                    0x080003cc   Section        0  heapauxi.o(.text)
    .text                                    0x080003d2   Section       62  sys_stackheap_outer.o(.text)
    .text                                    0x08000410   Section        0  exit.o(.text)
    .text                                    0x08000420   Section        8  libspace.o(.text)
    .text                                    0x08000428   Section        0  sys_exit.o(.text)
    .text                                    0x08000434   Section        2  use_no_semi.o(.text)
    [Anonymous Symbol]                       0x08000436   Section        0  signal_app.o(.text.APP_SIGNAL_LED_SetState)
    .text                                    0x08000436   Section        0  indicate_semi.o(.text)
    [Anonymous Symbol]                       0x0800044a   Section        0  signal_app.o(.text.APP_SIGNAL_PWR_SetState)
    [Anonymous Symbol]                       0x08000460   Section        0  usart_app.o(.text.APP_UART_FIFO_isEmpty)
    [Anonymous Symbol]                       0x0800048c   Section        0  usart_app.o(.text.APP_UART_FlushToUART_Char)
    [Anonymous Symbol]                       0x080004f8   Section        0  usart_app.o(.text.APP_UART_FlushToUART_String)
    [Anonymous Symbol]                       0x080005c0   Section        0  usart_app.o(.text.APP_UART_InChar)
    [Anonymous Symbol]                       0x080005f0   Section        0  usart_app.o(.text.APP_UART_Init)
    __arm_cp.2_0                             0x08000618   Number         4  usart_app.o(.text.APP_UART_Init)
    __arm_cp.2_1                             0x0800061c   Number         4  usart_app.o(.text.APP_UART_Init)
    __arm_cp.2_2                             0x08000620   Number         4  usart_app.o(.text.APP_UART_Init)
    [Anonymous Symbol]                       0x08000624   Section        0  usart_app.o(.text.APP_UART_OutChar)
    [Anonymous Symbol]                       0x0800063a   Section        0  usart_app.o(.text.APP_UART_OutString)
    [Anonymous Symbol]                       0x08000664   Section        0  usart_app.o(.text.APP_UART_StartReceive)
    __arm_cp.3_0                             0x08000670   Number         4  usart_app.o(.text.APP_UART_StartReceive)
    [Anonymous Symbol]                       0x08000674   Section        0  main.o(.text.Error_Handler)
    [Anonymous Symbol]                       0x0800067c   Section        0  fifo_app.o(.text.Fifo_Get)
    [Anonymous Symbol]                       0x0800069c   Section        0  fifo_app.o(.text.Fifo_Init)
    [Anonymous Symbol]                       0x080006a4   Section        0  fifo_app.o(.text.Fifo_Put)
    [Anonymous Symbol]                       0x080006c8   Section        0  fifo_app.o(.text.Fifo_isEmpty)
    [Anonymous Symbol]                       0x080006d4   Section        0  stm32f0xx_hal_dma.o(.text.HAL_DMA_Abort)
    [Anonymous Symbol]                       0x08000712   Section        0  stm32f0xx_hal_dma.o(.text.HAL_DMA_Abort_IT)
    [Anonymous Symbol]                       0x08000754   Section        0  stm32f0xx_hal.o(.text.HAL_Delay)
    [Anonymous Symbol]                       0x08000774   Section        0  stm32f0xx_hal_gpio.o(.text.HAL_GPIO_Init)
    __arm_cp.0_0                             0x08000910   Number         4  stm32f0xx_hal_gpio.o(.text.HAL_GPIO_Init)
    __arm_cp.0_1                             0x08000914   Number         4  stm32f0xx_hal_gpio.o(.text.HAL_GPIO_Init)
    __arm_cp.0_3                             0x08000918   Number         4  stm32f0xx_hal_gpio.o(.text.HAL_GPIO_Init)
    __arm_cp.0_4                             0x0800091c   Number         4  stm32f0xx_hal_gpio.o(.text.HAL_GPIO_Init)
    __arm_cp.0_5                             0x08000920   Number         4  stm32f0xx_hal_gpio.o(.text.HAL_GPIO_Init)
    [Anonymous Symbol]                       0x08000924   Section        0  stm32f0xx_hal_gpio.o(.text.HAL_GPIO_WritePin)
    [Anonymous Symbol]                       0x08000934   Section        0  stm32f0xx_hal.o(.text.HAL_GetTick)
    [Anonymous Symbol]                       0x0800093c   Section        0  stm32f0xx_hal.o(.text.HAL_IncTick)
    __arm_cp.5_1                             0x0800094c   Number         4  stm32f0xx_hal.o(.text.HAL_IncTick)
    [Anonymous Symbol]                       0x08000950   Section        0  stm32f0xx_hal.o(.text.HAL_Init)
    [Anonymous Symbol]                       0x0800096c   Section        0  stm32f0xx_hal.o(.text.HAL_InitTick)
    __arm_cp.1_0                             0x080009a8   Number         4  stm32f0xx_hal.o(.text.HAL_InitTick)
    [Anonymous Symbol]                       0x080009ac   Section        0  stm32f0xx_hal_msp.o(.text.HAL_MspInit)
    __arm_cp.0_0                             0x080009d4   Number         4  stm32f0xx_hal_msp.o(.text.HAL_MspInit)
    [Anonymous Symbol]                       0x080009d8   Section        0  stm32f0xx_hal_cortex.o(.text.HAL_NVIC_EnableIRQ)
    __arm_cp.1_0                             0x080009ec   Number         4  stm32f0xx_hal_cortex.o(.text.HAL_NVIC_EnableIRQ)
    [Anonymous Symbol]                       0x080009f0   Section        0  stm32f0xx_hal_cortex.o(.text.HAL_NVIC_SetPriority)
    __arm_cp.0_0                             0x08000a20   Number         4  stm32f0xx_hal_cortex.o(.text.HAL_NVIC_SetPriority)
    __arm_cp.0_1                             0x08000a24   Number         4  stm32f0xx_hal_cortex.o(.text.HAL_NVIC_SetPriority)
    [Anonymous Symbol]                       0x08000a28   Section        0  stm32f0xx_hal_pwr.o(.text.HAL_PWR_EnterSLEEPMode)
    __arm_cp.5_0                             0x08000a44   Number         4  stm32f0xx_hal_pwr.o(.text.HAL_PWR_EnterSLEEPMode)
    [Anonymous Symbol]                       0x08000a48   Section        0  stm32f0xx_hal_rcc_ex.o(.text.HAL_RCCEx_PeriphCLKConfig)
    __arm_cp.0_0                             0x08000b3c   Number         4  stm32f0xx_hal_rcc_ex.o(.text.HAL_RCCEx_PeriphCLKConfig)
    __arm_cp.0_1                             0x08000b40   Number         4  stm32f0xx_hal_rcc_ex.o(.text.HAL_RCCEx_PeriphCLKConfig)
    __arm_cp.0_2                             0x08000b44   Number         4  stm32f0xx_hal_rcc_ex.o(.text.HAL_RCCEx_PeriphCLKConfig)
    [Anonymous Symbol]                       0x08000b48   Section        0  stm32f0xx_hal_rcc.o(.text.HAL_RCC_ClockConfig)
    __arm_cp.2_0                             0x08000c74   Number         4  stm32f0xx_hal_rcc.o(.text.HAL_RCC_ClockConfig)
    __arm_cp.2_2                             0x08000c78   Number         4  stm32f0xx_hal_rcc.o(.text.HAL_RCC_ClockConfig)
    __arm_cp.2_6                             0x08000c7c   Number         4  stm32f0xx_hal_rcc.o(.text.HAL_RCC_ClockConfig)
    [Anonymous Symbol]                       0x08000c80   Section        0  stm32f0xx_hal_rcc.o(.text.HAL_RCC_GetPCLK1Freq)
    __arm_cp.8_0                             0x08000c94   Number         4  stm32f0xx_hal_rcc.o(.text.HAL_RCC_GetPCLK1Freq)
    __arm_cp.8_2                             0x08000c98   Number         4  stm32f0xx_hal_rcc.o(.text.HAL_RCC_GetPCLK1Freq)
    [Anonymous Symbol]                       0x08000c9c   Section        0  stm32f0xx_hal_rcc.o(.text.HAL_RCC_GetSysClockFreq)
    __arm_cp.3_0                             0x08000cc8   Number         4  stm32f0xx_hal_rcc.o(.text.HAL_RCC_GetSysClockFreq)
    __arm_cp.3_1                             0x08000ccc   Number         4  stm32f0xx_hal_rcc.o(.text.HAL_RCC_GetSysClockFreq)
    __arm_cp.3_2                             0x08000cd0   Number         4  stm32f0xx_hal_rcc.o(.text.HAL_RCC_GetSysClockFreq)
    __arm_cp.3_3                             0x08000cd4   Number         4  stm32f0xx_hal_rcc.o(.text.HAL_RCC_GetSysClockFreq)
    [Anonymous Symbol]                       0x08000cd8   Section        0  stm32f0xx_hal_rcc.o(.text.HAL_RCC_OscConfig)
    __arm_cp.1_0                             0x080010dc   Number         4  stm32f0xx_hal_rcc.o(.text.HAL_RCC_OscConfig)
    __arm_cp.1_1                             0x080010e0   Number         4  stm32f0xx_hal_rcc.o(.text.HAL_RCC_OscConfig)
    __arm_cp.1_2                             0x080010e4   Number         4  stm32f0xx_hal_rcc.o(.text.HAL_RCC_OscConfig)
    [Anonymous Symbol]                       0x080010e8   Section        0  stm32f0xx_hal.o(.text.HAL_ResumeTick)
    [Anonymous Symbol]                       0x080010f4   Section        0  stm32f0xx_hal_cortex.o(.text.HAL_SYSTICK_Config)
    __arm_cp.4_0                             0x0800111c   Number         4  stm32f0xx_hal_cortex.o(.text.HAL_SYSTICK_Config)
    __arm_cp.4_2                             0x08001120   Number         4  stm32f0xx_hal_cortex.o(.text.HAL_SYSTICK_Config)
    [Anonymous Symbol]                       0x08001124   Section        0  stm32f0xx_hal.o(.text.HAL_SuspendTick)
    __arm_cp.11_0                            0x08001130   Number         4  stm32f0xx_hal.o(.text.HAL_SuspendTick)
    [Anonymous Symbol]                       0x08001134   Section        0  stm32f0xx_hal_tim_ex.o(.text.HAL_TIMEx_BreakCallback)
    [Anonymous Symbol]                       0x08001136   Section        0  stm32f0xx_hal_tim_ex.o(.text.HAL_TIMEx_CommutCallback)
    [Anonymous Symbol]                       0x08001138   Section        0  stm32f0xx_hal_tim_ex.o(.text.HAL_TIMEx_MasterConfigSynchronization)
    [Anonymous Symbol]                       0x08001184   Section        0  stm32f0xx_hal_tim.o(.text.HAL_TIM_Base_Init)
    __arm_cp.0_2                             0x0800124c   Number         4  stm32f0xx_hal_tim.o(.text.HAL_TIM_Base_Init)
    __arm_cp.0_4                             0x08001250   Number         4  stm32f0xx_hal_tim.o(.text.HAL_TIM_Base_Init)
    __arm_cp.0_5                             0x08001254   Number         4  stm32f0xx_hal_tim.o(.text.HAL_TIM_Base_Init)
    __arm_cp.0_6                             0x08001258   Number         4  stm32f0xx_hal_tim.o(.text.HAL_TIM_Base_Init)
    __arm_cp.0_7                             0x0800125c   Number         4  stm32f0xx_hal_tim.o(.text.HAL_TIM_Base_Init)
    [Anonymous Symbol]                       0x08001260   Section        0  tim.o(.text.HAL_TIM_Base_MspInit)
    __arm_cp.1_1                             0x08001298   Number         4  tim.o(.text.HAL_TIM_Base_MspInit)
    [Anonymous Symbol]                       0x0800129c   Section        0  stm32f0xx_hal_tim.o(.text.HAL_TIM_Base_Start_IT)
    __arm_cp.7_0                             0x080012e4   Number         4  stm32f0xx_hal_tim.o(.text.HAL_TIM_Base_Start_IT)
    __arm_cp.7_1                             0x080012e8   Number         4  stm32f0xx_hal_tim.o(.text.HAL_TIM_Base_Start_IT)
    __arm_cp.7_2                             0x080012ec   Number         4  stm32f0xx_hal_tim.o(.text.HAL_TIM_Base_Start_IT)
    [Anonymous Symbol]                       0x080012f0   Section        0  stm32f0xx_hal_tim.o(.text.HAL_TIM_ConfigClockSource)
    __arm_cp.90_0                            0x08001448   Number         4  stm32f0xx_hal_tim.o(.text.HAL_TIM_ConfigClockSource)
    [Anonymous Symbol]                       0x0800144c   Section        0  stm32f0xx_hal_tim.o(.text.HAL_TIM_IC_CaptureCallback)
    [Anonymous Symbol]                       0x0800144e   Section        0  stm32f0xx_hal_tim.o(.text.HAL_TIM_IRQHandler)
    [Anonymous Symbol]                       0x08001596   Section        0  stm32f0xx_hal_tim.o(.text.HAL_TIM_OC_DelayElapsedCallback)
    [Anonymous Symbol]                       0x08001598   Section        0  stm32f0xx_hal_tim.o(.text.HAL_TIM_PWM_PulseFinishedCallback)
    [Anonymous Symbol]                       0x0800159a   Section        0  stm32f0xx_hal_tim.o(.text.HAL_TIM_PeriodElapsedCallback)
    [Anonymous Symbol]                       0x0800159c   Section        0  stm32f0xx_hal_tim.o(.text.HAL_TIM_TriggerCallback)
    [Anonymous Symbol]                       0x0800159e   Section        0  stm32f0xx_hal_uart.o(.text.HAL_UARTEx_RxEventCallback)
    [Anonymous Symbol]                       0x080015a0   Section        0  stm32f0xx_hal_uart.o(.text.HAL_UART_ErrorCallback)
    [Anonymous Symbol]                       0x080015a4   Section        0  stm32f0xx_hal_uart.o(.text.HAL_UART_IRQHandler)
    __arm_cp.39_0                            0x08001970   Number         4  stm32f0xx_hal_uart.o(.text.HAL_UART_IRQHandler)
    __arm_cp.39_1                            0x08001974   Number         4  stm32f0xx_hal_uart.o(.text.HAL_UART_IRQHandler)
    __arm_cp.39_2                            0x08001978   Number         4  stm32f0xx_hal_uart.o(.text.HAL_UART_IRQHandler)
    [Anonymous Symbol]                       0x0800197c   Section        0  stm32f0xx_hal_uart.o(.text.HAL_UART_Init)
    [Anonymous Symbol]                       0x080019e4   Section        0  usart.o(.text.HAL_UART_MspInit)
    __arm_cp.2_0                             0x08001a88   Number         4  usart.o(.text.HAL_UART_MspInit)
    __arm_cp.2_1                             0x08001a8c   Number         4  usart.o(.text.HAL_UART_MspInit)
    __arm_cp.2_2                             0x08001a90   Number         4  usart.o(.text.HAL_UART_MspInit)
    [Anonymous Symbol]                       0x08001a94   Section        0  stm32f0xx_hal_uart.o(.text.HAL_UART_Receive_IT)
    [Anonymous Symbol]                       0x08001afc   Section        0  usart_app.o(.text.HAL_UART_RxCpltCallback)
    __arm_cp.1_0                             0x08001b58   Number         4  usart_app.o(.text.HAL_UART_RxCpltCallback)
    __arm_cp.1_1                             0x08001b5c   Number         4  usart_app.o(.text.HAL_UART_RxCpltCallback)
    __arm_cp.1_2                             0x08001b60   Number         4  usart_app.o(.text.HAL_UART_RxCpltCallback)
    __arm_cp.1_3                             0x08001b64   Number         4  usart_app.o(.text.HAL_UART_RxCpltCallback)
    [Anonymous Symbol]                       0x08001b68   Section        0  stm32f0xx_hal_uart.o(.text.HAL_UART_Transmit)
    __arm_cp.9_0                             0x08001c3c   Number         4  stm32f0xx_hal_uart.o(.text.HAL_UART_Transmit)
    [Anonymous Symbol]                       0x08001c40   Section        0  usart_app.o(.text.HAL_UART_TxCpltCallback)
    [Anonymous Symbol]                       0x08001c42   Section        0  stm32f0xx_it.o(.text.HardFault_Handler)
    [Anonymous Symbol]                       0x08001c44   Section        0  mc60_core.o(.text.MC60_ATCommand_Execute)
    [Anonymous Symbol]                       0x08001c5c   Section        0  mc60_core.o(.text.MC60_ATCommand_Write)
    [Anonymous Symbol]                       0x08001c84   Section        0  gnss.o(.text.MC60_GNSS_Power_On)
    __arm_cp.0_0                             0x08001ca0   Number         4  gnss.o(.text.MC60_GNSS_Power_On)
    __arm_cp.0_1                             0x08001ca4   Number         4  gnss.o(.text.MC60_GNSS_Power_On)
    __arm_cp.0_2                             0x08001ca8   Number         4  gnss.o(.text.MC60_GNSS_Power_On)
    [Anonymous Symbol]                       0x08001cac   Section        0  mc60_core.o(.text.MC60_Init)
    [Anonymous Symbol]                       0x08001cb4   Section        0  mc60_core.o(.text.MC60_PowerOff)
    __arm_cp.2_0                             0x08001cdc   Number         4  mc60_core.o(.text.MC60_PowerOff)
    __arm_cp.2_2                             0x08001cec   Number         4  mc60_core.o(.text.MC60_PowerOff)
    __arm_cp.2_4                             0x08001cf4   Number         4  mc60_core.o(.text.MC60_PowerOff)
    [Anonymous Symbol]                       0x08001cf8   Section        0  mc60_core.o(.text.MC60_PowerOn)
    [Anonymous Symbol]                       0x08001d48   Section        0  gpio.o(.text.MX_GPIO_Init)
    __arm_cp.0_0                             0x08001e28   Number         4  gpio.o(.text.MX_GPIO_Init)
    __arm_cp.0_1                             0x08001e2c   Number         4  gpio.o(.text.MX_GPIO_Init)
    __arm_cp.0_2                             0x08001e30   Number         4  gpio.o(.text.MX_GPIO_Init)
    __arm_cp.0_3                             0x08001e34   Number         4  gpio.o(.text.MX_GPIO_Init)
    __arm_cp.0_4                             0x08001e38   Number         4  gpio.o(.text.MX_GPIO_Init)
    __arm_cp.0_5                             0x08001e3c   Number         4  gpio.o(.text.MX_GPIO_Init)
    [Anonymous Symbol]                       0x08001e40   Section        0  tim.o(.text.MX_TIM3_Init)
    __arm_cp.0_0                             0x08001e9c   Number         4  tim.o(.text.MX_TIM3_Init)
    __arm_cp.0_1                             0x08001ea0   Number         4  tim.o(.text.MX_TIM3_Init)
    __arm_cp.0_2                             0x08001ea4   Number         4  tim.o(.text.MX_TIM3_Init)
    __arm_cp.0_3                             0x08001ea8   Number         4  tim.o(.text.MX_TIM3_Init)
    [Anonymous Symbol]                       0x08001eac   Section        0  usart.o(.text.MX_USART1_UART_Init)
    __arm_cp.0_0                             0x08001edc   Number         4  usart.o(.text.MX_USART1_UART_Init)
    __arm_cp.0_1                             0x08001ee0   Number         4  usart.o(.text.MX_USART1_UART_Init)
    [Anonymous Symbol]                       0x08001ee4   Section        0  usart.o(.text.MX_USART3_UART_Init)
    __arm_cp.1_0                             0x08001f14   Number         4  usart.o(.text.MX_USART3_UART_Init)
    __arm_cp.1_1                             0x08001f18   Number         4  usart.o(.text.MX_USART3_UART_Init)
    [Anonymous Symbol]                       0x08001f1c   Section        0  stm32f0xx_it.o(.text.NMI_Handler)
    [Anonymous Symbol]                       0x08001f1e   Section        0  stm32f0xx_it.o(.text.PendSV_Handler)
    [Anonymous Symbol]                       0x08001f20   Section        0  stm32f0xx_it.o(.text.SVC_Handler)
    [Anonymous Symbol]                       0x08001f22   Section        0  stm32f0xx_it.o(.text.SysTick_Handler)
    [Anonymous Symbol]                       0x08001f2a   Section        0  system_stm32f0xx.o(.text.SystemInit)
    [Anonymous Symbol]                       0x08001f2c   Section        0  stm32f0xx_it.o(.text.TIM3_IRQHandler)
    __arm_cp.5_0                             0x08001f38   Number         4  stm32f0xx_it.o(.text.TIM3_IRQHandler)
    [Anonymous Symbol]                       0x08001f3c   Section        0  stm32f0xx_hal_uart.o(.text.UART_AdvFeatureConfig)
    [Anonymous Symbol]                       0x08002010   Section        0  stm32f0xx_hal_uart.o(.text.UART_CheckIdleState)
    __arm_cp.4_0                             0x080020d0   Number         4  stm32f0xx_hal_uart.o(.text.UART_CheckIdleState)
    UART_DMAAbortOnError                     0x080020d5   Thumb Code    22  stm32f0xx_hal_uart.o(.text.UART_DMAAbortOnError)
    [Anonymous Symbol]                       0x080020d4   Section        0  stm32f0xx_hal_uart.o(.text.UART_DMAAbortOnError)
    UART_RxISR_16BIT                         0x080020eb   Thumb Code   202  stm32f0xx_hal_uart.o(.text.UART_RxISR_16BIT)
    [Anonymous Symbol]                       0x080020ea   Section        0  stm32f0xx_hal_uart.o(.text.UART_RxISR_16BIT)
    UART_RxISR_8BIT                          0x080021b5   Thumb Code   204  stm32f0xx_hal_uart.o(.text.UART_RxISR_8BIT)
    [Anonymous Symbol]                       0x080021b4   Section        0  stm32f0xx_hal_uart.o(.text.UART_RxISR_8BIT)
    [Anonymous Symbol]                       0x08002280   Section        0  stm32f0xx_hal_uart.o(.text.UART_SetConfig)
    __arm_cp.2_0                             0x080023a8   Number         4  stm32f0xx_hal_uart.o(.text.UART_SetConfig)
    __arm_cp.2_1                             0x080023ac   Number         4  stm32f0xx_hal_uart.o(.text.UART_SetConfig)
    __arm_cp.2_2                             0x080023b0   Number         4  stm32f0xx_hal_uart.o(.text.UART_SetConfig)
    __arm_cp.2_3                             0x080023b4   Number         4  stm32f0xx_hal_uart.o(.text.UART_SetConfig)
    __arm_cp.2_4                             0x080023b8   Number         4  stm32f0xx_hal_uart.o(.text.UART_SetConfig)
    __arm_cp.2_5                             0x080023bc   Number         4  stm32f0xx_hal_uart.o(.text.UART_SetConfig)
    __arm_cp.2_6                             0x080023c0   Number         4  stm32f0xx_hal_uart.o(.text.UART_SetConfig)
    __arm_cp.2_7                             0x080023c4   Number         4  stm32f0xx_hal_uart.o(.text.UART_SetConfig)
    __arm_cp.2_8                             0x080023c8   Number         4  stm32f0xx_hal_uart.o(.text.UART_SetConfig)
    __arm_cp.2_10                            0x080023dc   Number         4  stm32f0xx_hal_uart.o(.text.UART_SetConfig)
    __arm_cp.2_11                            0x080023e0   Number         4  stm32f0xx_hal_uart.o(.text.UART_SetConfig)
    [Anonymous Symbol]                       0x080023e4   Section        0  stm32f0xx_hal_uart.o(.text.UART_Start_Receive_IT)
    __arm_cp.16_0                            0x080024a4   Number         4  stm32f0xx_hal_uart.o(.text.UART_Start_Receive_IT)
    __arm_cp.16_1                            0x080024a8   Number         4  stm32f0xx_hal_uart.o(.text.UART_Start_Receive_IT)
    __arm_cp.16_2                            0x080024ac   Number         4  stm32f0xx_hal_uart.o(.text.UART_Start_Receive_IT)
    [Anonymous Symbol]                       0x080024b0   Section        0  stm32f0xx_hal_uart.o(.text.UART_WaitOnFlagUntilTimeout)
    [Anonymous Symbol]                       0x08002654   Section        0  stm32f0xx_it.o(.text.USART1_IRQHandler)
    __arm_cp.6_0                             0x08002660   Number         4  stm32f0xx_it.o(.text.USART1_IRQHandler)
    [Anonymous Symbol]                       0x08002664   Section        0  stm32f0xx_it.o(.text.USART3_6_IRQHandler)
    __arm_cp.7_0                             0x08002670   Number         4  stm32f0xx_it.o(.text.USART3_6_IRQHandler)
    [Anonymous Symbol]                       0x08002674   Section        0  main.o(.text.main)
    __arm_cp.0_0                             0x0800289c   Number         4  main.o(.text.main)
    __arm_cp.0_1                             0x080028a0   Number         4  main.o(.text.main)
    __arm_cp.0_2                             0x080028a4   Number         4  main.o(.text.main)
    __arm_cp.0_5                             0x080028ec   Number         4  main.o(.text.main)
    __arm_cp.0_6                             0x080028f0   Number         4  main.o(.text.main)
    __arm_cp.0_7                             0x080028f4   Number         4  main.o(.text.main)
    __arm_cp.0_9                             0x08002918   Number         4  main.o(.text.main)
    __arm_cp.0_11                            0x08002938   Number         4  main.o(.text.main)
    __arm_cp.0_12                            0x0800293c   Number         4  main.o(.text.main)
    __arm_cp.0_13                            0x08002940   Number         4  main.o(.text.main)
    __arm_cp.0_14                            0x08002944   Number         4  main.o(.text.main)
    __arm_cp.0_15                            0x08002948   Number         4  main.o(.text.main)
    .text_divfast                            0x0800294c   Section      502  aeabi_sdivfast.o(.text_divfast)
    HAL_RCC_GetSysClockFreq.aPLLMULFactorTable 0x08002b5a   Data          16  stm32f0xx_hal_rcc.o(.rodata.cst16)
    [Anonymous Symbol]                       0x08002b5a   Section        0  stm32f0xx_hal_rcc.o(.rodata.cst16)
    HAL_RCC_GetSysClockFreq.aPredivFactorTable 0x08002b6a   Data          16  stm32f0xx_hal_rcc.o(.rodata.cst16)
    [Anonymous Symbol]                       0x08002b7a   Section        0  mc60_core.o(.rodata.str1.1)
    [Anonymous Symbol]                       0x08002b7f   Section        0  gnss.o(.rodata.str1.1)
    [Anonymous Symbol]                       0x08002b8d   Section        0  main.o(.rodata.str1.1)
    [Anonymous Symbol]                       0x20000000   Section        0  usart_app.o(.data..L_MergedGlobals)
    [Anonymous Symbol]                       0x20000008   Section        0  stm32f0xx_hal.o(.data..L_MergedGlobals)
    .bss                                     0x20000018   Section       96  libspace.o(.bss)
    [Anonymous Symbol]                       0x20000078   Section        0  main.o(.bss..L_MergedGlobals)
    Fifo_1                                   0x20000080   Data         308  usart_app.o(.bss.Fifo_1)
    [Anonymous Symbol]                       0x20000080   Section        0  usart_app.o(.bss.Fifo_1)
    Fifo_3                                   0x200001b4   Data         308  usart_app.o(.bss.Fifo_3)
    [Anonymous Symbol]                       0x200001b4   Section        0  usart_app.o(.bss.Fifo_3)
    Rx_data                                  0x200002e8   Data           1  usart_app.o(.bss.Rx_data)
    [Anonymous Symbol]                       0x200002e8   Section        0  usart_app.o(.bss.Rx_data)
    mc60_huart                               0x20000444   Data           4  mc60_core.o(.bss.mc60_huart)
    [Anonymous Symbol]                       0x20000444   Section        0  mc60_core.o(.bss.mc60_huart)
    Heap_Mem                                 0x20000450   Data         512  startup_stm32f030xc.o(HEAP)
    HEAP                                     0x20000450   Section      512  startup_stm32f030xc.o(HEAP)
    Stack_Mem                                0x20000650   Data        1024  startup_stm32f030xc.o(STACK)
    STACK                                    0x20000650   Section     1024  startup_stm32f030xc.o(STACK)
    __initial_sp                             0x20000a50   Data           0  startup_stm32f030xc.o(STACK)

    Global Symbols

    Symbol Name                              Value     Ov Type        Size  Object(Section)

    BuildAttributes$$THM_ISAv3M$S$PE$A:L22$X:L11$S22$IEEE1$IW$~IW$USESV6$~STKCKD$USESV7$~SHL$OTIME$ROPI$EBA8$UX$STANDARDLIB$REQ8$PRES8$EABIv2 0x00000000   Number         0  anon$$obj.o ABSOLUTE
    __ARM_exceptions_init                     - Undefined Weak Reference
    __alloca_initialize                       - Undefined Weak Reference
    __arm_preinit_                            - Undefined Weak Reference
    __arm_relocate_pie_                       - Undefined Weak Reference
    __cpp_initialize__aeabi_                  - Undefined Weak Reference
    __cxa_finalize                            - Undefined Weak Reference
    __rt_locale                               - Undefined Weak Reference
    __sigvec_lookup                           - Undefined Weak Reference
    _atexit_init                              - Undefined Weak Reference
    _call_atexit_fns                          - Undefined Weak Reference
    _clock_init                               - Undefined Weak Reference
    _fp_trap_init                             - Undefined Weak Reference
    _fp_trap_shutdown                         - Undefined Weak Reference
    _get_lc_collate                           - Undefined Weak Reference
    _get_lc_ctype                             - Undefined Weak Reference
    _get_lc_monetary                          - Undefined Weak Reference
    _get_lc_numeric                           - Undefined Weak Reference
    _get_lc_time                              - Undefined Weak Reference
    _getenv_init                              - Undefined Weak Reference
    _handle_redirection                       - Undefined Weak Reference
    _init_alloc                               - Undefined Weak Reference
    _init_user_alloc                          - Undefined Weak Reference
    _initio                                   - Undefined Weak Reference
    _rand_init                                - Undefined Weak Reference
    _signal_finish                            - Undefined Weak Reference
    _signal_init                              - Undefined Weak Reference
    _terminate_alloc                          - Undefined Weak Reference
    _terminate_user_alloc                     - Undefined Weak Reference
    _terminateio                              - Undefined Weak Reference
    __Vectors_Size                           0x000000b8   Number         0  startup_stm32f030xc.o ABSOLUTE
    __Vectors                                0x08000000   Data           4  startup_stm32f030xc.o(RESET)
    __Vectors_End                            0x080000b8   Data           0  startup_stm32f030xc.o(RESET)
    __main                                   0x080000b9   Thumb Code     8  __main.o(!!!main)
    __scatterload                            0x080000c1   Thumb Code     0  __scatter.o(!!!scatter)
    __scatterload_rt2                        0x080000c1   Thumb Code    52  __scatter.o(!!!scatter)
    __scatterload_rt2_thumb_only             0x080000c1   Thumb Code     0  __scatter.o(!!!scatter)
    __scatterload_null                       0x080000d1   Thumb Code     0  __scatter.o(!!!scatter)
    __scatterload_copy                       0x080000fd   Thumb Code    26  __scatter_copy.o(!!handler_copy)
    __scatterload_zeroinit                   0x08000119   Thumb Code    28  __scatter_zi.o(!!handler_zi)
    __rt_lib_init                            0x08000135   Thumb Code     0  libinit.o(.ARM.Collect$$libinit$$00000000)
    __rt_lib_init_alloca_1                   0x08000137   Thumb Code     0  libinit2.o(.ARM.Collect$$libinit$$00000030)
    __rt_lib_init_argv_1                     0x08000137   Thumb Code     0  libinit2.o(.ARM.Collect$$libinit$$0000002E)
    __rt_lib_init_atexit_1                   0x08000137   Thumb Code     0  libinit2.o(.ARM.Collect$$libinit$$0000001D)
    __rt_lib_init_clock_1                    0x08000137   Thumb Code     0  libinit2.o(.ARM.Collect$$libinit$$00000023)
    __rt_lib_init_cpp_1                      0x08000137   Thumb Code     0  libinit2.o(.ARM.Collect$$libinit$$00000034)
    __rt_lib_init_exceptions_1               0x08000137   Thumb Code     0  libinit2.o(.ARM.Collect$$libinit$$00000032)
    __rt_lib_init_fp_1                       0x08000137   Thumb Code     0  libinit2.o(.ARM.Collect$$libinit$$00000002)
    __rt_lib_init_fp_trap_1                  0x08000137   Thumb Code     0  libinit2.o(.ARM.Collect$$libinit$$00000021)
    __rt_lib_init_getenv_1                   0x08000137   Thumb Code     0  libinit2.o(.ARM.Collect$$libinit$$00000025)
    __rt_lib_init_heap_1                     0x08000137   Thumb Code     0  libinit2.o(.ARM.Collect$$libinit$$0000000C)
    __rt_lib_init_lc_collate_1               0x08000137   Thumb Code     0  libinit2.o(.ARM.Collect$$libinit$$00000013)
    __rt_lib_init_lc_ctype_1                 0x08000137   Thumb Code     0  libinit2.o(.ARM.Collect$$libinit$$00000015)
    __rt_lib_init_lc_monetary_1              0x08000137   Thumb Code     0  libinit2.o(.ARM.Collect$$libinit$$00000017)
    __rt_lib_init_lc_numeric_1               0x08000137   Thumb Code     0  libinit2.o(.ARM.Collect$$libinit$$00000019)
    __rt_lib_init_lc_time_1                  0x08000137   Thumb Code     0  libinit2.o(.ARM.Collect$$libinit$$0000001B)
    __rt_lib_init_preinit_1                  0x08000137   Thumb Code     0  libinit2.o(.ARM.Collect$$libinit$$00000006)
    __rt_lib_init_rand_1                     0x08000137   Thumb Code     0  libinit2.o(.ARM.Collect$$libinit$$00000010)
    __rt_lib_init_relocate_pie_1             0x08000137   Thumb Code     0  libinit2.o(.ARM.Collect$$libinit$$00000004)
    __rt_lib_init_return                     0x08000137   Thumb Code     0  libinit2.o(.ARM.Collect$$libinit$$00000035)
    __rt_lib_init_signal_1                   0x08000137   Thumb Code     0  libinit2.o(.ARM.Collect$$libinit$$0000001F)
    __rt_lib_init_stdio_1                    0x08000137   Thumb Code     0  libinit2.o(.ARM.Collect$$libinit$$00000027)
    __rt_lib_init_user_alloc_1               0x08000137   Thumb Code     0  libinit2.o(.ARM.Collect$$libinit$$0000000E)
    __rt_lib_shutdown                        0x08000139   Thumb Code     0  libshutdown.o(.ARM.Collect$$libshutdown$$00000000)
    __rt_lib_shutdown_cpp_1                  0x0800013b   Thumb Code     0  libshutdown2.o(.ARM.Collect$$libshutdown$$00000002)
    __rt_lib_shutdown_fp_trap_1              0x0800013b   Thumb Code     0  libshutdown2.o(.ARM.Collect$$libshutdown$$00000007)
    __rt_lib_shutdown_heap_1                 0x0800013b   Thumb Code     0  libshutdown2.o(.ARM.Collect$$libshutdown$$0000000F)
    __rt_lib_shutdown_return                 0x0800013b   Thumb Code     0  libshutdown2.o(.ARM.Collect$$libshutdown$$00000010)
    __rt_lib_shutdown_signal_1               0x0800013b   Thumb Code     0  libshutdown2.o(.ARM.Collect$$libshutdown$$0000000A)
    __rt_lib_shutdown_stdio_1                0x0800013b   Thumb Code     0  libshutdown2.o(.ARM.Collect$$libshutdown$$00000004)
    __rt_lib_shutdown_user_alloc_1           0x0800013b   Thumb Code     0  libshutdown2.o(.ARM.Collect$$libshutdown$$0000000C)
    __rt_entry                               0x0800013d   Thumb Code     0  __rtentry.o(.ARM.Collect$$rtentry$$00000000)
    __rt_entry_presh_1                       0x0800013d   Thumb Code     0  __rtentry2.o(.ARM.Collect$$rtentry$$00000002)
    __rt_entry_sh                            0x0800013d   Thumb Code     0  __rtentry4.o(.ARM.Collect$$rtentry$$00000004)
    __rt_entry_li                            0x08000143   Thumb Code     0  __rtentry2.o(.ARM.Collect$$rtentry$$0000000A)
    __rt_entry_postsh_1                      0x08000143   Thumb Code     0  __rtentry2.o(.ARM.Collect$$rtentry$$00000009)
    __rt_entry_main                          0x08000147   Thumb Code     0  __rtentry2.o(.ARM.Collect$$rtentry$$0000000D)
    __rt_entry_postli_1                      0x08000147   Thumb Code     0  __rtentry2.o(.ARM.Collect$$rtentry$$0000000C)
    __rt_exit                                0x0800014f   Thumb Code     0  rtexit.o(.ARM.Collect$$rtexit$$00000000)
    __rt_exit_ls                             0x08000151   Thumb Code     0  rtexit2.o(.ARM.Collect$$rtexit$$00000003)
    __rt_exit_prels_1                        0x08000151   Thumb Code     0  rtexit2.o(.ARM.Collect$$rtexit$$00000002)
    __rt_exit_exit                           0x08000155   Thumb Code     0  rtexit2.o(.ARM.Collect$$rtexit$$00000004)
    Reset_Handler                            0x0800015d   Thumb Code     8  startup_stm32f030xc.o(.text)
    ADC1_IRQHandler                          0x0800016f   Thumb Code     0  startup_stm32f030xc.o(.text)
    DMA1_Channel1_IRQHandler                 0x0800016f   Thumb Code     0  startup_stm32f030xc.o(.text)
    DMA1_Channel2_3_IRQHandler               0x0800016f   Thumb Code     0  startup_stm32f030xc.o(.text)
    DMA1_Channel4_5_IRQHandler               0x0800016f   Thumb Code     0  startup_stm32f030xc.o(.text)
    EXTI0_1_IRQHandler                       0x0800016f   Thumb Code     0  startup_stm32f030xc.o(.text)
    EXTI2_3_IRQHandler                       0x0800016f   Thumb Code     0  startup_stm32f030xc.o(.text)
    EXTI4_15_IRQHandler                      0x0800016f   Thumb Code     0  startup_stm32f030xc.o(.text)
    FLASH_IRQHandler                         0x0800016f   Thumb Code     0  startup_stm32f030xc.o(.text)
    I2C1_IRQHandler                          0x0800016f   Thumb Code     0  startup_stm32f030xc.o(.text)
    I2C2_IRQHandler                          0x0800016f   Thumb Code     0  startup_stm32f030xc.o(.text)
    RCC_IRQHandler                           0x0800016f   Thumb Code     0  startup_stm32f030xc.o(.text)
    RTC_IRQHandler                           0x0800016f   Thumb Code     0  startup_stm32f030xc.o(.text)
    SPI1_IRQHandler                          0x0800016f   Thumb Code     0  startup_stm32f030xc.o(.text)
    SPI2_IRQHandler                          0x0800016f   Thumb Code     0  startup_stm32f030xc.o(.text)
    TIM14_IRQHandler                         0x0800016f   Thumb Code     0  startup_stm32f030xc.o(.text)
    TIM15_IRQHandler                         0x0800016f   Thumb Code     0  startup_stm32f030xc.o(.text)
    TIM16_IRQHandler                         0x0800016f   Thumb Code     0  startup_stm32f030xc.o(.text)
    TIM17_IRQHandler                         0x0800016f   Thumb Code     0  startup_stm32f030xc.o(.text)
    TIM1_BRK_UP_TRG_COM_IRQHandler           0x0800016f   Thumb Code     0  startup_stm32f030xc.o(.text)
    TIM1_CC_IRQHandler                       0x0800016f   Thumb Code     0  startup_stm32f030xc.o(.text)
    TIM6_IRQHandler                          0x0800016f   Thumb Code     0  startup_stm32f030xc.o(.text)
    TIM7_IRQHandler                          0x0800016f   Thumb Code     0  startup_stm32f030xc.o(.text)
    USART2_IRQHandler                        0x0800016f   Thumb Code     0  startup_stm32f030xc.o(.text)
    WWDG_IRQHandler                          0x0800016f   Thumb Code     0  startup_stm32f030xc.o(.text)
    __user_initial_stackheap                 0x08000171   Thumb Code     0  startup_stm32f030xc.o(.text)
    _memset_w                                0x08000195   Thumb Code    26  rt_memclr.o(.text)
    _memset                                  0x080001af   Thumb Code    30  rt_memclr.o(.text)
    __aeabi_memclr                           0x080001cd   Thumb Code     4  rt_memclr.o(.text)
    __rt_memclr                              0x080001cd   Thumb Code     0  rt_memclr.o(.text)
    __aeabi_memclr4                          0x080001d1   Thumb Code     0  rt_memclr.o(.text)
    __aeabi_memclr8                          0x080001d1   Thumb Code     0  rt_memclr.o(.text)
    __rt_memclr_w                            0x080001d1   Thumb Code     4  rt_memclr.o(.text)
    __aeabi_uidivmod                         0x080001d5   Thumb Code    28  aeabi_sdivfast.o(.text)
    __aeabi_idivmod                          0x080001f1   Thumb Code   472  aeabi_sdivfast.o(.text)
    __use_two_region_memory                  0x080003cd   Thumb Code     2  heapauxi.o(.text)
    __rt_heap_escrow$2region                 0x080003cf   Thumb Code     2  heapauxi.o(.text)
    __rt_heap_expand$2region                 0x080003d1   Thumb Code     2  heapauxi.o(.text)
    __user_setup_stackheap                   0x080003d3   Thumb Code    62  sys_stackheap_outer.o(.text)
    exit                                     0x08000411   Thumb Code    16  exit.o(.text)
    __user_libspace                          0x08000421   Thumb Code     8  libspace.o(.text)
    __user_perproc_libspace                  0x08000421   Thumb Code     0  libspace.o(.text)
    __user_perthread_libspace                0x08000421   Thumb Code     0  libspace.o(.text)
    _sys_exit                                0x08000429   Thumb Code     8  sys_exit.o(.text)
    __I$use$semihosting                      0x08000435   Thumb Code     0  use_no_semi.o(.text)
    __use_no_semihosting_swi                 0x08000435   Thumb Code     2  use_no_semi.o(.text)
    APP_SIGNAL_LED_SetState                  0x08000437   Thumb Code    20  signal_app.o(.text.APP_SIGNAL_LED_SetState)
    __semihosting_library_function           0x08000437   Thumb Code     0  indicate_semi.o(.text)
    APP_SIGNAL_PWR_SetState                  0x0800044b   Thumb Code    20  signal_app.o(.text.APP_SIGNAL_PWR_SetState)
    APP_UART_FIFO_isEmpty                    0x08000461   Thumb Code    44  usart_app.o(.text.APP_UART_FIFO_isEmpty)
    APP_UART_FlushToUART_Char                0x0800048d   Thumb Code   108  usart_app.o(.text.APP_UART_FlushToUART_Char)
    APP_UART_FlushToUART_String              0x080004f9   Thumb Code   200  usart_app.o(.text.APP_UART_FlushToUART_String)
    APP_UART_InChar                          0x080005c1   Thumb Code    48  usart_app.o(.text.APP_UART_InChar)
    APP_UART_Init                            0x080005f1   Thumb Code    40  usart_app.o(.text.APP_UART_Init)
    APP_UART_OutChar                         0x08000625   Thumb Code    22  usart_app.o(.text.APP_UART_OutChar)
    APP_UART_OutString                       0x0800063b   Thumb Code    42  usart_app.o(.text.APP_UART_OutString)
    APP_UART_StartReceive                    0x08000665   Thumb Code    12  usart_app.o(.text.APP_UART_StartReceive)
    Error_Handler                            0x08000675   Thumb Code     8  main.o(.text.Error_Handler)
    Fifo_Get                                 0x0800067d   Thumb Code    32  fifo_app.o(.text.Fifo_Get)
    Fifo_Init                                0x0800069d   Thumb Code     8  fifo_app.o(.text.Fifo_Init)
    Fifo_Put                                 0x080006a5   Thumb Code    36  fifo_app.o(.text.Fifo_Put)
    Fifo_isEmpty                             0x080006c9   Thumb Code    12  fifo_app.o(.text.Fifo_isEmpty)
    HAL_DMA_Abort                            0x080006d5   Thumb Code    62  stm32f0xx_hal_dma.o(.text.HAL_DMA_Abort)
    HAL_DMA_Abort_IT                         0x08000713   Thumb Code    66  stm32f0xx_hal_dma.o(.text.HAL_DMA_Abort_IT)
    HAL_Delay                                0x08000755   Thumb Code    32  stm32f0xx_hal.o(.text.HAL_Delay)
    HAL_GPIO_Init                            0x08000775   Thumb Code   412  stm32f0xx_hal_gpio.o(.text.HAL_GPIO_Init)
    HAL_GPIO_WritePin                        0x08000925   Thumb Code    16  stm32f0xx_hal_gpio.o(.text.HAL_GPIO_WritePin)
    HAL_GetTick                              0x08000935   Thumb Code     8  stm32f0xx_hal.o(.text.HAL_GetTick)
    HAL_IncTick                              0x0800093d   Thumb Code    16  stm32f0xx_hal.o(.text.HAL_IncTick)
    HAL_Init                                 0x08000951   Thumb Code    28  stm32f0xx_hal.o(.text.HAL_Init)
    HAL_InitTick                             0x0800096d   Thumb Code    60  stm32f0xx_hal.o(.text.HAL_InitTick)
    HAL_MspInit                              0x080009ad   Thumb Code    40  stm32f0xx_hal_msp.o(.text.HAL_MspInit)
    HAL_NVIC_EnableIRQ                       0x080009d9   Thumb Code    20  stm32f0xx_hal_cortex.o(.text.HAL_NVIC_EnableIRQ)
    HAL_NVIC_SetPriority                     0x080009f1   Thumb Code    48  stm32f0xx_hal_cortex.o(.text.HAL_NVIC_SetPriority)
    HAL_PWR_EnterSLEEPMode                   0x08000a29   Thumb Code    28  stm32f0xx_hal_pwr.o(.text.HAL_PWR_EnterSLEEPMode)
    HAL_RCCEx_PeriphCLKConfig                0x08000a49   Thumb Code   244  stm32f0xx_hal_rcc_ex.o(.text.HAL_RCCEx_PeriphCLKConfig)
    HAL_RCC_ClockConfig                      0x08000b49   Thumb Code   300  stm32f0xx_hal_rcc.o(.text.HAL_RCC_ClockConfig)
    HAL_RCC_GetPCLK1Freq                     0x08000c81   Thumb Code    20  stm32f0xx_hal_rcc.o(.text.HAL_RCC_GetPCLK1Freq)
    HAL_RCC_GetSysClockFreq                  0x08000c9d   Thumb Code    44  stm32f0xx_hal_rcc.o(.text.HAL_RCC_GetSysClockFreq)
    HAL_RCC_OscConfig                        0x08000cd9   Thumb Code  1028  stm32f0xx_hal_rcc.o(.text.HAL_RCC_OscConfig)
    HAL_ResumeTick                           0x080010e9   Thumb Code    12  stm32f0xx_hal.o(.text.HAL_ResumeTick)
    HAL_SYSTICK_Config                       0x080010f5   Thumb Code    40  stm32f0xx_hal_cortex.o(.text.HAL_SYSTICK_Config)
    HAL_SuspendTick                          0x08001125   Thumb Code    12  stm32f0xx_hal.o(.text.HAL_SuspendTick)
    HAL_TIMEx_BreakCallback                  0x08001135   Thumb Code     2  stm32f0xx_hal_tim_ex.o(.text.HAL_TIMEx_BreakCallback)
    HAL_TIMEx_CommutCallback                 0x08001137   Thumb Code     2  stm32f0xx_hal_tim_ex.o(.text.HAL_TIMEx_CommutCallback)
    HAL_TIMEx_MasterConfigSynchronization    0x08001139   Thumb Code    76  stm32f0xx_hal_tim_ex.o(.text.HAL_TIMEx_MasterConfigSynchronization)
    HAL_TIM_Base_Init                        0x08001185   Thumb Code   200  stm32f0xx_hal_tim.o(.text.HAL_TIM_Base_Init)
    HAL_TIM_Base_MspInit                     0x08001261   Thumb Code    56  tim.o(.text.HAL_TIM_Base_MspInit)
    HAL_TIM_Base_Start_IT                    0x0800129d   Thumb Code    72  stm32f0xx_hal_tim.o(.text.HAL_TIM_Base_Start_IT)
    HAL_TIM_ConfigClockSource                0x080012f1   Thumb Code   344  stm32f0xx_hal_tim.o(.text.HAL_TIM_ConfigClockSource)
    HAL_TIM_IC_CaptureCallback               0x0800144d   Thumb Code     2  stm32f0xx_hal_tim.o(.text.HAL_TIM_IC_CaptureCallback)
    HAL_TIM_IRQHandler                       0x0800144f   Thumb Code   328  stm32f0xx_hal_tim.o(.text.HAL_TIM_IRQHandler)
    HAL_TIM_OC_DelayElapsedCallback          0x08001597   Thumb Code     2  stm32f0xx_hal_tim.o(.text.HAL_TIM_OC_DelayElapsedCallback)
    HAL_TIM_PWM_PulseFinishedCallback        0x08001599   Thumb Code     2  stm32f0xx_hal_tim.o(.text.HAL_TIM_PWM_PulseFinishedCallback)
    HAL_TIM_PeriodElapsedCallback            0x0800159b   Thumb Code     2  stm32f0xx_hal_tim.o(.text.HAL_TIM_PeriodElapsedCallback)
    HAL_TIM_TriggerCallback                  0x0800159d   Thumb Code     2  stm32f0xx_hal_tim.o(.text.HAL_TIM_TriggerCallback)
    HAL_UARTEx_RxEventCallback               0x0800159f   Thumb Code     2  stm32f0xx_hal_uart.o(.text.HAL_UARTEx_RxEventCallback)
    HAL_UART_ErrorCallback                   0x080015a1   Thumb Code     2  stm32f0xx_hal_uart.o(.text.HAL_UART_ErrorCallback)
    HAL_UART_IRQHandler                      0x080015a5   Thumb Code   972  stm32f0xx_hal_uart.o(.text.HAL_UART_IRQHandler)
    HAL_UART_Init                            0x0800197d   Thumb Code   104  stm32f0xx_hal_uart.o(.text.HAL_UART_Init)
    HAL_UART_MspInit                         0x080019e5   Thumb Code   164  usart.o(.text.HAL_UART_MspInit)
    HAL_UART_Receive_IT                      0x08001a95   Thumb Code   102  stm32f0xx_hal_uart.o(.text.HAL_UART_Receive_IT)
    HAL_UART_RxCpltCallback                  0x08001afd   Thumb Code    92  usart_app.o(.text.HAL_UART_RxCpltCallback)
    HAL_UART_Transmit                        0x08001b69   Thumb Code   212  stm32f0xx_hal_uart.o(.text.HAL_UART_Transmit)
    HAL_UART_TxCpltCallback                  0x08001c41   Thumb Code     2  usart_app.o(.text.HAL_UART_TxCpltCallback)
    HardFault_Handler                        0x08001c43   Thumb Code     2  stm32f0xx_it.o(.text.HardFault_Handler)
    MC60_ATCommand_Execute                   0x08001c45   Thumb Code    24  mc60_core.o(.text.MC60_ATCommand_Execute)
    MC60_ATCommand_Write                     0x08001c5d   Thumb Code    40  mc60_core.o(.text.MC60_ATCommand_Write)
    MC60_GNSS_Power_On                       0x08001c85   Thumb Code    28  gnss.o(.text.MC60_GNSS_Power_On)
    MC60_Init                                0x08001cad   Thumb Code     8  mc60_core.o(.text.MC60_Init)
    MC60_PowerOff                            0x08001cb5   Thumb Code    40  mc60_core.o(.text.MC60_PowerOff)
    MC60_PowerOn                             0x08001cf9   Thumb Code    80  mc60_core.o(.text.MC60_PowerOn)
    MX_GPIO_Init                             0x08001d49   Thumb Code   224  gpio.o(.text.MX_GPIO_Init)
    MX_TIM3_Init                             0x08001e41   Thumb Code    92  tim.o(.text.MX_TIM3_Init)
    MX_USART1_UART_Init                      0x08001ead   Thumb Code    48  usart.o(.text.MX_USART1_UART_Init)
    MX_USART3_UART_Init                      0x08001ee5   Thumb Code    48  usart.o(.text.MX_USART3_UART_Init)
    NMI_Handler                              0x08001f1d   Thumb Code     2  stm32f0xx_it.o(.text.NMI_Handler)
    PendSV_Handler                           0x08001f1f   Thumb Code     2  stm32f0xx_it.o(.text.PendSV_Handler)
    SVC_Handler                              0x08001f21   Thumb Code     2  stm32f0xx_it.o(.text.SVC_Handler)
    SysTick_Handler                          0x08001f23   Thumb Code     8  stm32f0xx_it.o(.text.SysTick_Handler)
    SystemInit                               0x08001f2b   Thumb Code     2  system_stm32f0xx.o(.text.SystemInit)
    TIM3_IRQHandler                          0x08001f2d   Thumb Code    12  stm32f0xx_it.o(.text.TIM3_IRQHandler)
    UART_AdvFeatureConfig                    0x08001f3d   Thumb Code   210  stm32f0xx_hal_uart.o(.text.UART_AdvFeatureConfig)
    UART_CheckIdleState                      0x08002011   Thumb Code   192  stm32f0xx_hal_uart.o(.text.UART_CheckIdleState)
    UART_SetConfig                           0x08002281   Thumb Code   296  stm32f0xx_hal_uart.o(.text.UART_SetConfig)
    UART_Start_Receive_IT                    0x080023e5   Thumb Code   192  stm32f0xx_hal_uart.o(.text.UART_Start_Receive_IT)
    UART_WaitOnFlagUntilTimeout              0x080024b1   Thumb Code   418  stm32f0xx_hal_uart.o(.text.UART_WaitOnFlagUntilTimeout)
    USART1_IRQHandler                        0x08002655   Thumb Code    12  stm32f0xx_it.o(.text.USART1_IRQHandler)
    USART3_6_IRQHandler                      0x08002665   Thumb Code    12  stm32f0xx_it.o(.text.USART3_6_IRQHandler)
    main                                     0x08002675   Thumb Code   552  main.o(.text.main)
    __aeabi_uidiv                            0x0800294d   Thumb Code    68  aeabi_sdivfast.o(.text_divfast)
    __aeabi_idiv                             0x08002991   Thumb Code   434  aeabi_sdivfast.o(.text_divfast)
    AHBPrescTable                            0x08002b42   Data          16  system_stm32f0xx.o(.rodata.AHBPrescTable)
    APBPrescTable                            0x08002b52   Data           8  system_stm32f0xx.o(.rodata.APBPrescTable)
    Region$$Table$$Base                      0x08002bec   Number         0  anon$$obj.o(Region$$Table)
    Region$$Table$$Limit                     0x08002c0c   Number         0  anon$$obj.o(Region$$Table)
    huart_terminal                           0x20000000   Data           4  usart_app.o(.data..L_MergedGlobals)
    huart_mc60                               0x20000004   Data           4  usart_app.o(.data..L_MergedGlobals)
    uwTickFreq                               0x20000008   Data           1  stm32f0xx_hal.o(.data..L_MergedGlobals)
    uwTickPrio                               0x2000000c   Data           4  stm32f0xx_hal.o(.data..L_MergedGlobals)
    SystemCoreClock                          0x20000010   Data           4  system_stm32f0xx.o(.data.SystemCoreClock)
    __libspace_start                         0x20000018   Data          96  libspace.o(.bss)
    MC60_PowerOff_Request                    0x20000078   Data           1  main.o(.bss..L_MergedGlobals)
    __temporary_stack_top$libspace           0x20000078   Data           0  libspace.o(.bss)
    MC60_PowerOff_Status                     0x20000079   Data           1  main.o(.bss..L_MergedGlobals)
    STM32_SLEEP_Request                      0x2000007a   Data           1  main.o(.bss..L_MergedGlobals)
    STM32_SLEEP_Status                       0x2000007b   Data           1  main.o(.bss..L_MergedGlobals)
    STM32_WAKEUP_Request                     0x2000007c   Data           1  main.o(.bss..L_MergedGlobals)
    htim3                                    0x200002ec   Data          72  tim.o(.bss.htim3)
    huart1                                   0x20000334   Data         136  usart.o(.bss.huart1)
    huart3                                   0x200003bc   Data         136  usart.o(.bss.huart3)
    uwTick                                   0x20000448   Data           4  stm32f0xx_hal.o(.bss.uwTick)



==============================================================================

Memory Map of the image

  Image Entry point : 0x080000b9

  Load Region LR_IROM1 (Base: 0x08000000, Size: 0x00002c28, Max: 0x00040000, ABSOLUTE)

    Execution Region ER_IROM1 (Exec base: 0x08000000, Load base: 0x08000000, Size: 0x00002c0c, Max: 0x00040000, ABSOLUTE)

    Exec Addr    Load Addr    Size         Type   Attr      Idx    E Section Name        Object

    0x08000000   0x08000000   0x000000b8   Data   RO            3    RESET               startup_stm32f030xc.o
    0x080000b8   0x080000b8   0x00000008   Code   RO         1202  * !!!main             c_p.l(__main.o)
    0x080000c0   0x080000c0   0x0000003c   Code   RO         1379    !!!scatter          c_p.l(__scatter.o)
    0x080000fc   0x080000fc   0x0000001a   Code   RO         1381    !!handler_copy      c_p.l(__scatter_copy.o)
    0x08000116   0x08000116   0x00000002   PAD
    0x08000118   0x08000118   0x0000001c   Code   RO         1383    !!handler_zi        c_p.l(__scatter_zi.o)
    0x08000134   0x08000134   0x00000002   Code   RO         1240    .ARM.Collect$$libinit$$00000000  c_p.l(libinit.o)
    0x08000136   0x08000136   0x00000000   Code   RO         1254    .ARM.Collect$$libinit$$00000002  c_p.l(libinit2.o)
    0x08000136   0x08000136   0x00000000   Code   RO         1256    .ARM.Collect$$libinit$$00000004  c_p.l(libinit2.o)
    0x08000136   0x08000136   0x00000000   Code   RO         1258    .ARM.Collect$$libinit$$00000006  c_p.l(libinit2.o)
    0x08000136   0x08000136   0x00000000   Code   RO         1261    .ARM.Collect$$libinit$$0000000C  c_p.l(libinit2.o)
    0x08000136   0x08000136   0x00000000   Code   RO         1263    .ARM.Collect$$libinit$$0000000E  c_p.l(libinit2.o)
    0x08000136   0x08000136   0x00000000   Code   RO         1265    .ARM.Collect$$libinit$$00000010  c_p.l(libinit2.o)
    0x08000136   0x08000136   0x00000000   Code   RO         1268    .ARM.Collect$$libinit$$00000013  c_p.l(libinit2.o)
    0x08000136   0x08000136   0x00000000   Code   RO         1270    .ARM.Collect$$libinit$$00000015  c_p.l(libinit2.o)
    0x08000136   0x08000136   0x00000000   Code   RO         1272    .ARM.Collect$$libinit$$00000017  c_p.l(libinit2.o)
    0x08000136   0x08000136   0x00000000   Code   RO         1274    .ARM.Collect$$libinit$$00000019  c_p.l(libinit2.o)
    0x08000136   0x08000136   0x00000000   Code   RO         1276    .ARM.Collect$$libinit$$0000001B  c_p.l(libinit2.o)
    0x08000136   0x08000136   0x00000000   Code   RO         1278    .ARM.Collect$$libinit$$0000001D  c_p.l(libinit2.o)
    0x08000136   0x08000136   0x00000000   Code   RO         1280    .ARM.Collect$$libinit$$0000001F  c_p.l(libinit2.o)
    0x08000136   0x08000136   0x00000000   Code   RO         1282    .ARM.Collect$$libinit$$00000021  c_p.l(libinit2.o)
    0x08000136   0x08000136   0x00000000   Code   RO         1284    .ARM.Collect$$libinit$$00000023  c_p.l(libinit2.o)
    0x08000136   0x08000136   0x00000000   Code   RO         1286    .ARM.Collect$$libinit$$00000025  c_p.l(libinit2.o)
    0x08000136   0x08000136   0x00000000   Code   RO         1288    .ARM.Collect$$libinit$$00000027  c_p.l(libinit2.o)
    0x08000136   0x08000136   0x00000000   Code   RO         1292    .ARM.Collect$$libinit$$0000002E  c_p.l(libinit2.o)
    0x08000136   0x08000136   0x00000000   Code   RO         1294    .ARM.Collect$$libinit$$00000030  c_p.l(libinit2.o)
    0x08000136   0x08000136   0x00000000   Code   RO         1296    .ARM.Collect$$libinit$$00000032  c_p.l(libinit2.o)
    0x08000136   0x08000136   0x00000000   Code   RO         1298    .ARM.Collect$$libinit$$00000034  c_p.l(libinit2.o)
    0x08000136   0x08000136   0x00000002   Code   RO         1299    .ARM.Collect$$libinit$$00000035  c_p.l(libinit2.o)
    0x08000138   0x08000138   0x00000002   Code   RO         1334    .ARM.Collect$$libshutdown$$00000000  c_p.l(libshutdown.o)
    0x0800013a   0x0800013a   0x00000000   Code   RO         1362    .ARM.Collect$$libshutdown$$00000002  c_p.l(libshutdown2.o)
    0x0800013a   0x0800013a   0x00000000   Code   RO         1364    .ARM.Collect$$libshutdown$$00000004  c_p.l(libshutdown2.o)
    0x0800013a   0x0800013a   0x00000000   Code   RO         1367    .ARM.Collect$$libshutdown$$00000007  c_p.l(libshutdown2.o)
    0x0800013a   0x0800013a   0x00000000   Code   RO         1370    .ARM.Collect$$libshutdown$$0000000A  c_p.l(libshutdown2.o)
    0x0800013a   0x0800013a   0x00000000   Code   RO         1372    .ARM.Collect$$libshutdown$$0000000C  c_p.l(libshutdown2.o)
    0x0800013a   0x0800013a   0x00000000   Code   RO         1375    .ARM.Collect$$libshutdown$$0000000F  c_p.l(libshutdown2.o)
    0x0800013a   0x0800013a   0x00000002   Code   RO         1376    .ARM.Collect$$libshutdown$$00000010  c_p.l(libshutdown2.o)
    0x0800013c   0x0800013c   0x00000000   Code   RO         1204    .ARM.Collect$$rtentry$$00000000  c_p.l(__rtentry.o)
    0x0800013c   0x0800013c   0x00000000   Code   RO         1210    .ARM.Collect$$rtentry$$00000002  c_p.l(__rtentry2.o)
    0x0800013c   0x0800013c   0x00000006   Code   RO         1222    .ARM.Collect$$rtentry$$00000004  c_p.l(__rtentry4.o)
    0x08000142   0x08000142   0x00000000   Code   RO         1212    .ARM.Collect$$rtentry$$00000009  c_p.l(__rtentry2.o)
    0x08000142   0x08000142   0x00000004   Code   RO         1213    .ARM.Collect$$rtentry$$0000000A  c_p.l(__rtentry2.o)
    0x08000146   0x08000146   0x00000000   Code   RO         1215    .ARM.Collect$$rtentry$$0000000C  c_p.l(__rtentry2.o)
    0x08000146   0x08000146   0x00000008   Code   RO         1216    .ARM.Collect$$rtentry$$0000000D  c_p.l(__rtentry2.o)
    0x0800014e   0x0800014e   0x00000002   Code   RO         1245    .ARM.Collect$$rtexit$$00000000  c_p.l(rtexit.o)
    0x08000150   0x08000150   0x00000000   Code   RO         1305    .ARM.Collect$$rtexit$$00000002  c_p.l(rtexit2.o)
    0x08000150   0x08000150   0x00000004   Code   RO         1306    .ARM.Collect$$rtexit$$00000003  c_p.l(rtexit2.o)
    0x08000154   0x08000154   0x00000006   Code   RO         1307    .ARM.Collect$$rtexit$$00000004  c_p.l(rtexit2.o)
    0x0800015a   0x0800015a   0x00000002   PAD
    0x0800015c   0x0800015c   0x00000038   Code   RO            4    .text               startup_stm32f030xc.o
    0x08000194   0x08000194   0x00000040   Code   RO         1190    .text               c_p.l(rt_memclr.o)
    0x080001d4   0x080001d4   0x000001f8   Code   RO         1192    .text               c_p.l(aeabi_sdivfast.o)
    0x080003cc   0x080003cc   0x00000006   Code   RO         1200    .text               c_p.l(heapauxi.o)
    0x080003d2   0x080003d2   0x0000003e   Code   RO         1226    .text               c_p.l(sys_stackheap_outer.o)
    0x08000410   0x08000410   0x00000010   Code   RO         1229    .text               c_p.l(exit.o)
    0x08000420   0x08000420   0x00000008   Code   RO         1241    .text               c_p.l(libspace.o)
    0x08000428   0x08000428   0x0000000c   Code   RO         1300    .text               c_p.l(sys_exit.o)
    0x08000434   0x08000434   0x00000002   Code   RO         1323    .text               c_p.l(use_no_semi.o)
    0x08000436   0x08000436   0x00000000   Code   RO         1325    .text               c_p.l(indicate_semi.o)
    0x08000436   0x08000436   0x00000014   Code   RO           65    .text.APP_SIGNAL_LED_SetState  signal_app.o
    0x0800044a   0x0800044a   0x00000014   Code   RO           63    .text.APP_SIGNAL_PWR_SetState  signal_app.o
    0x0800045e   0x0800045e   0x00000002   PAD
    0x08000460   0x08000460   0x0000002c   Code   RO           47    .text.APP_UART_FIFO_isEmpty  usart_app.o
    0x0800048c   0x0800048c   0x0000006c   Code   RO           45    .text.APP_UART_FlushToUART_Char  usart_app.o
    0x080004f8   0x080004f8   0x000000c8   Code   RO           49    .text.APP_UART_FlushToUART_String  usart_app.o
    0x080005c0   0x080005c0   0x00000030   Code   RO           37    .text.APP_UART_InChar  usart_app.o
    0x080005f0   0x080005f0   0x00000034   Code   RO           33    .text.APP_UART_Init  usart_app.o
    0x08000624   0x08000624   0x00000016   Code   RO           39    .text.APP_UART_OutChar  usart_app.o
    0x0800063a   0x0800063a   0x0000002a   Code   RO           41    .text.APP_UART_OutString  usart_app.o
    0x08000664   0x08000664   0x00000010   Code   RO           35    .text.APP_UART_StartReceive  usart_app.o
    0x08000674   0x08000674   0x00000008   Code   RO          142    .text.Error_Handler  main.o
    0x0800067c   0x0800067c   0x00000020   Code   RO           17    .text.Fifo_Get      fifo_app.o
    0x0800069c   0x0800069c   0x00000008   Code   RO           11    .text.Fifo_Init     fifo_app.o
    0x080006a4   0x080006a4   0x00000024   Code   RO           13    .text.Fifo_Put      fifo_app.o
    0x080006c8   0x080006c8   0x0000000c   Code   RO           19    .text.Fifo_isEmpty  fifo_app.o
    0x080006d4   0x080006d4   0x0000003e   Code   RO          852    .text.HAL_DMA_Abort  stm32f0xx_hal_dma.o
    0x08000712   0x08000712   0x00000042   Code   RO          854    .text.HAL_DMA_Abort_IT  stm32f0xx_hal_dma.o
    0x08000754   0x08000754   0x00000020   Code   RO          614    .text.HAL_Delay     stm32f0xx_hal.o
    0x08000774   0x08000774   0x000001b0   Code   RO          820    .text.HAL_GPIO_Init  stm32f0xx_hal_gpio.o
    0x08000924   0x08000924   0x00000010   Code   RO          826    .text.HAL_GPIO_WritePin  stm32f0xx_hal_gpio.o
    0x08000934   0x08000934   0x00000008   Code   RO          606    .text.HAL_GetTick   stm32f0xx_hal.o
    0x0800093c   0x0800093c   0x00000014   Code   RO          604    .text.HAL_IncTick   stm32f0xx_hal.o
    0x08000950   0x08000950   0x0000001c   Code   RO          594    .text.HAL_Init      stm32f0xx_hal.o
    0x0800096c   0x0800096c   0x00000040   Code   RO          596    .text.HAL_InitTick  stm32f0xx_hal.o
    0x080009ac   0x080009ac   0x0000002c   Code   RO          218    .text.HAL_MspInit   stm32f0xx_hal_msp.o
    0x080009d8   0x080009d8   0x00000018   Code   RO          878    .text.HAL_NVIC_EnableIRQ  stm32f0xx_hal_cortex.o
    0x080009f0   0x080009f0   0x00000038   Code   RO          876    .text.HAL_NVIC_SetPriority  stm32f0xx_hal_cortex.o
    0x08000a28   0x08000a28   0x00000020   Code   RO          918    .text.HAL_PWR_EnterSLEEPMode  stm32f0xx_hal_pwr.o
    0x08000a48   0x08000a48   0x00000100   Code   RO          580    .text.HAL_RCCEx_PeriphCLKConfig  stm32f0xx_hal_rcc_ex.o
    0x08000b48   0x08000b48   0x00000138   Code   RO          549    .text.HAL_RCC_ClockConfig  stm32f0xx_hal_rcc.o
    0x08000c80   0x08000c80   0x0000001c   Code   RO          561    .text.HAL_RCC_GetPCLK1Freq  stm32f0xx_hal_rcc.o
    0x08000c9c   0x08000c9c   0x0000003c   Code   RO          551    .text.HAL_RCC_GetSysClockFreq  stm32f0xx_hal_rcc.o
    0x08000cd8   0x08000cd8   0x00000410   Code   RO          547    .text.HAL_RCC_OscConfig  stm32f0xx_hal_rcc.o
    0x080010e8   0x080010e8   0x0000000c   Code   RO          618    .text.HAL_ResumeTick  stm32f0xx_hal.o
    0x080010f4   0x080010f4   0x00000030   Code   RO          884    .text.HAL_SYSTICK_Config  stm32f0xx_hal_cortex.o
    0x08001124   0x08001124   0x00000010   Code   RO          616    .text.HAL_SuspendTick  stm32f0xx_hal.o
    0x08001134   0x08001134   0x00000002   Code   RO          531    .text.HAL_TIMEx_BreakCallback  stm32f0xx_hal_tim_ex.o
    0x08001136   0x08001136   0x00000002   Code   RO          527    .text.HAL_TIMEx_CommutCallback  stm32f0xx_hal_tim_ex.o
    0x08001138   0x08001138   0x0000004c   Code   RO          521    .text.HAL_TIMEx_MasterConfigSynchronization  stm32f0xx_hal_tim_ex.o
    0x08001184   0x08001184   0x000000dc   Code   RO          226    .text.HAL_TIM_Base_Init  stm32f0xx_hal_tim.o
    0x08001260   0x08001260   0x0000003c   Code   RO          164    .text.HAL_TIM_Base_MspInit  tim.o
    0x0800129c   0x0800129c   0x00000054   Code   RO          240    .text.HAL_TIM_Base_Start_IT  stm32f0xx_hal_tim.o
    0x080012f0   0x080012f0   0x0000015c   Code   RO          406    .text.HAL_TIM_ConfigClockSource  stm32f0xx_hal_tim.o
    0x0800144c   0x0800144c   0x00000002   Code   RO          362    .text.HAL_TIM_IC_CaptureCallback  stm32f0xx_hal_tim.o
    0x0800144e   0x0800144e   0x00000148   Code   RO          360    .text.HAL_TIM_IRQHandler  stm32f0xx_hal_tim.o
    0x08001596   0x08001596   0x00000002   Code   RO          364    .text.HAL_TIM_OC_DelayElapsedCallback  stm32f0xx_hal_tim.o
    0x08001598   0x08001598   0x00000002   Code   RO          366    .text.HAL_TIM_PWM_PulseFinishedCallback  stm32f0xx_hal_tim.o
    0x0800159a   0x0800159a   0x00000002   Code   RO          368    .text.HAL_TIM_PeriodElapsedCallback  stm32f0xx_hal_tim.o
    0x0800159c   0x0800159c   0x00000002   Code   RO          370    .text.HAL_TIM_TriggerCallback  stm32f0xx_hal_tim.o
    0x0800159e   0x0800159e   0x00000002   Code   RO         1106    .text.HAL_UARTEx_RxEventCallback  stm32f0xx_hal_uart.o
    0x080015a0   0x080015a0   0x00000002   Code   RO         1104    .text.HAL_UART_ErrorCallback  stm32f0xx_hal_uart.o
    0x080015a2   0x080015a2   0x00000002   PAD
    0x080015a4   0x080015a4   0x000003d8   Code   RO         1100    .text.HAL_UART_IRQHandler  stm32f0xx_hal_uart.o
    0x0800197c   0x0800197c   0x00000068   Code   RO         1022    .text.HAL_UART_Init  stm32f0xx_hal_uart.o
    0x080019e4   0x080019e4   0x000000b0   Code   RO          181    .text.HAL_UART_MspInit  usart.o
    0x08001a94   0x08001a94   0x00000066   Code   RO         1052    .text.HAL_UART_Receive_IT  stm32f0xx_hal_uart.o
    0x08001afa   0x08001afa   0x00000002   PAD
    0x08001afc   0x08001afc   0x0000006c   Code   RO           31    .text.HAL_UART_RxCpltCallback  usart_app.o
    0x08001b68   0x08001b68   0x000000d8   Code   RO         1040    .text.HAL_UART_Transmit  stm32f0xx_hal_uart.o
    0x08001c40   0x08001c40   0x00000002   Code   RO           29    .text.HAL_UART_TxCpltCallback  usart_app.o
    0x08001c42   0x08001c42   0x00000002   Code   RO          197    .text.HardFault_Handler  stm32f0xx_it.o
    0x08001c44   0x08001c44   0x00000018   Code   RO           91    .text.MC60_ATCommand_Execute  mc60_core.o
    0x08001c5c   0x08001c5c   0x00000028   Code   RO           81    .text.MC60_ATCommand_Write  mc60_core.o
    0x08001c84   0x08001c84   0x00000028   Code   RO          103    .text.MC60_GNSS_Power_On  gnss.o
    0x08001cac   0x08001cac   0x00000008   Code   RO           75    .text.MC60_Init     mc60_core.o
    0x08001cb4   0x08001cb4   0x00000044   Code   RO           79    .text.MC60_PowerOff  mc60_core.o
    0x08001cf8   0x08001cf8   0x00000050   Code   RO           77    .text.MC60_PowerOn  mc60_core.o
    0x08001d48   0x08001d48   0x000000f8   Code   RO          154    .text.MX_GPIO_Init  gpio.o
    0x08001e40   0x08001e40   0x0000006c   Code   RO          162    .text.MX_TIM3_Init  tim.o
    0x08001eac   0x08001eac   0x00000038   Code   RO          177    .text.MX_USART1_UART_Init  usart.o
    0x08001ee4   0x08001ee4   0x00000038   Code   RO          179    .text.MX_USART3_UART_Init  usart.o
    0x08001f1c   0x08001f1c   0x00000002   Code   RO          195    .text.NMI_Handler   stm32f0xx_it.o
    0x08001f1e   0x08001f1e   0x00000002   Code   RO          201    .text.PendSV_Handler  stm32f0xx_it.o
    0x08001f20   0x08001f20   0x00000002   Code   RO          199    .text.SVC_Handler   stm32f0xx_it.o
    0x08001f22   0x08001f22   0x00000008   Code   RO          203    .text.SysTick_Handler  stm32f0xx_it.o
    0x08001f2a   0x08001f2a   0x00000002   Code   RO         1172    .text.SystemInit    system_stm32f0xx.o
    0x08001f2c   0x08001f2c   0x00000010   Code   RO          205    .text.TIM3_IRQHandler  stm32f0xx_it.o
    0x08001f3c   0x08001f3c   0x000000d2   Code   RO         1028    .text.UART_AdvFeatureConfig  stm32f0xx_hal_uart.o
    0x0800200e   0x0800200e   0x00000002   PAD
    0x08002010   0x08002010   0x000000c4   Code   RO         1030    .text.UART_CheckIdleState  stm32f0xx_hal_uart.o
    0x080020d4   0x080020d4   0x00000016   Code   RO         1102    .text.UART_DMAAbortOnError  stm32f0xx_hal_uart.o
    0x080020ea   0x080020ea   0x000000ca   Code   RO         1136    .text.UART_RxISR_16BIT  stm32f0xx_hal_uart.o
    0x080021b4   0x080021b4   0x000000cc   Code   RO         1138    .text.UART_RxISR_8BIT  stm32f0xx_hal_uart.o
    0x08002280   0x08002280   0x00000164   Code   RO         1026    .text.UART_SetConfig  stm32f0xx_hal_uart.o
    0x080023e4   0x080023e4   0x000000cc   Code   RO         1054    .text.UART_Start_Receive_IT  stm32f0xx_hal_uart.o
    0x080024b0   0x080024b0   0x000001a2   Code   RO         1042    .text.UART_WaitOnFlagUntilTimeout  stm32f0xx_hal_uart.o
    0x08002652   0x08002652   0x00000002   PAD
    0x08002654   0x08002654   0x00000010   Code   RO          207    .text.USART1_IRQHandler  stm32f0xx_it.o
    0x08002664   0x08002664   0x00000010   Code   RO          209    .text.USART3_6_IRQHandler  stm32f0xx_it.o
    0x08002674   0x08002674   0x000002d8   Code   RO          138    .text.main          main.o
    0x0800294c   0x0800294c   0x000001f6   Code   RO         1193    .text_divfast       c_p.l(aeabi_sdivfast.o)
    0x08002b42   0x08002b42   0x00000010   Data   RO         1177    .rodata.AHBPrescTable  system_stm32f0xx.o
    0x08002b52   0x08002b52   0x00000008   Data   RO         1178    .rodata.APBPrescTable  system_stm32f0xx.o
    0x08002b5a   0x08002b5a   0x00000020   Data   RO          571    .rodata.cst16       stm32f0xx_hal_rcc.o
    0x08002b7a   0x08002b7a   0x00000005   Data   RO           94    .rodata.str1.1      mc60_core.o
    0x08002b7f   0x08002b7f   0x0000000e   Data   RO          129    .rodata.str1.1      gnss.o
    0x08002b8d   0x08002b8d   0x0000005e   Data   RO          144    .rodata.str1.1      main.o
    0x08002beb   0x08002beb   0x00000001   PAD
    0x08002bec   0x08002bec   0x00000020   Data   RO         1378    Region$$Table       anon$$obj.o


    Execution Region RW_IRAM1 (Exec base: 0x20000000, Load base: 0x08002c10, Size: 0x00000a50, Max: 0x00008000, ABSOLUTE)

    Exec Addr    Load Addr    Size         Type   Attr      Idx    E Section Name        Object

    0x20000000   0x08002c10   0x00000008   Data   RW           54    .data..L_MergedGlobals  usart_app.o
    0x20000008   0x08002c18   0x00000008   Data   RW          641    .data..L_MergedGlobals  stm32f0xx_hal.o
    0x20000010   0x08002c20   0x00000004   Data   RW         1176    .data.SystemCoreClock  system_stm32f0xx.o
    0x20000014   0x08002c24   0x00000004   PAD
    0x20000018        -       0x00000060   Zero   RW         1242    .bss                c_p.l(libspace.o)
    0x20000078        -       0x00000005   Zero   RW          146    .bss..L_MergedGlobals  main.o
    0x2000007d   0x08002c24   0x00000003   PAD
    0x20000080        -       0x00000134   Zero   RW           51    .bss.Fifo_1         usart_app.o
    0x200001b4        -       0x00000134   Zero   RW           53    .bss.Fifo_3         usart_app.o
    0x200002e8        -       0x00000001   Zero   RW           52    .bss.Rx_data        usart_app.o
    0x200002e9   0x08002c24   0x00000003   PAD
    0x200002ec        -       0x00000048   Zero   RW          168    .bss.htim3          tim.o
    0x20000334        -       0x00000088   Zero   RW          185    .bss.huart1         usart.o
    0x200003bc        -       0x00000088   Zero   RW          186    .bss.huart3         usart.o
    0x20000444        -       0x00000004   Zero   RW           93    .bss.mc60_huart     mc60_core.o
    0x20000448        -       0x00000004   Zero   RW          640    .bss.uwTick         stm32f0xx_hal.o
    0x2000044c   0x08002c24   0x00000004   PAD
    0x20000450        -       0x00000200   Zero   RW            2    HEAP                startup_stm32f030xc.o
    0x20000650        -       0x00000400   Zero   RW            1    STACK               startup_stm32f030xc.o


==============================================================================

Image component sizes


      Code (inc. data)   RO Data    RW Data    ZI Data      Debug   Object Name

        88          0          0          0          0       1843   fifo_app.o
        40         12         14          0          0       2617   gnss.o
       248         24          0          0          0       1784   gpio.o
       736        208         94          0          5       4630   main.o
       220         28          5          0          4       6547   mc60_core.o
        40          0          0          0          0       1410   signal_app.o
        56         26        184          0       1536        624   startup_stm32f030xc.o
       180         12          0          8          4       5279   stm32f0xx_hal.o
       128         20          0          0          0       5497   stm32f0xx_hal_cortex.o
       128          0          0          0          0       8149   stm32f0xx_hal_dma.o
       448         20          0          0          0       4972   stm32f0xx_hal_gpio.o
        44          4          0          0          0       1020   stm32f0xx_hal_msp.o
        32          4          0          0          0       3021   stm32f0xx_hal_pwr.o
      1440         48         32          0          0       7566   stm32f0xx_hal_rcc.o
       256         12          0          0          0       3274   stm32f0xx_hal_rcc_ex.o
       990         36          0          0          0      61846   stm32f0xx_hal_tim.o
        80          0          0          0          0      22569   stm32f0xx_hal_tim_ex.o
      3222        112          0          0          0      40182   stm32f0xx_hal_uart.o
        64         12          0          0          0       1904   stm32f0xx_it.o
         2          0         24          4          0       1695   system_stm32f0xx.o
       168         20          0          0         72       5318   tim.o
       288         28          0          0        272       5616   usart.o
       642         32          0          8        617       7951   usart_app.o

    ----------------------------------------------------------------------
      9550        658        386         20       2524     205314   Object Totals
         0          0         32          0          0          0   (incl. Generated)
        10          0          1          0         14          0   (incl. Padding)

    ----------------------------------------------------------------------

      Code (inc. data)   RO Data    RW Data    ZI Data      Debug   Library Member Name

         8          0          0          0          0         68   __main.o
         0          0          0          0          0          0   __rtentry.o
        12          0          0          0          0          0   __rtentry2.o
         6          0          0          0          0          0   __rtentry4.o
        60          8          0          0          0          0   __scatter.o
        26          0          0          0          0          0   __scatter_copy.o
        28          0          0          0          0          0   __scatter_zi.o
      1006          4          0          0          0        184   aeabi_sdivfast.o
        16          0          0          0          0         68   exit.o
         6          0          0          0          0        136   heapauxi.o
         0          0          0          0          0          0   indicate_semi.o
         2          0          0          0          0          0   libinit.o
         2          0          0          0          0          0   libinit2.o
         2          0          0          0          0          0   libshutdown.o
         2          0          0          0          0          0   libshutdown2.o
         8          4          0          0         96         68   libspace.o
        64          0          0          0          0        108   rt_memclr.o
         2          0          0          0          0          0   rtexit.o
        10          0          0          0          0          0   rtexit2.o
        12          4          0          0          0         60   sys_exit.o
        62          0          0          0          0         80   sys_stackheap_outer.o
         2          0          0          0          0         68   use_no_semi.o

    ----------------------------------------------------------------------
      1340         20          0          0         96        840   Library Totals
         4          0          0          0          0          0   (incl. Padding)

    ----------------------------------------------------------------------

      Code (inc. data)   RO Data    RW Data    ZI Data      Debug   Library Name

      1336         20          0          0         96        840   c_p.l

    ----------------------------------------------------------------------
      1340         20          0          0         96        840   Library Totals

    ----------------------------------------------------------------------

==============================================================================


      Code (inc. data)   RO Data    RW Data    ZI Data      Debug   

     10890        678        386         20       2620     205494   Grand Totals
     10890        678        386         20       2620     205494   ELF Image Totals
     10890        678        386         20          0          0   ROM Totals

==============================================================================

    Total RO  Size (Code + RO Data)                11276 (  11.01kB)
    Total RW  Size (RW Data + ZI Data)              2640 (   2.58kB)
    Total ROM Size (Code + RO Data + RW Data)      11296 (  11.03kB)

==============================================================================

